2025-04-23 17:04:06,256 [INFO] apps.app.utils.config: Configuration loaded from apps\app\resources\config.json
2025-04-23 17:04:38,848 [INFO] apps.app.utils.config: Configuration loaded from apps\app\resources\config.json
2025-04-23 17:04:42,816 [INFO] apps.app.utils.gpu_utils: No CUDA GPU available, using CPU
2025-04-23 17:04:42,816 [INFO] __main__: Using device: cpu
2025-04-23 17:04:42,869 [INFO] apps.app.utils.i18n: Loaded translations from D:\-Users-\Documents\GitHub\CNN-MicroAI-Colony\apps\app\utils\..\resources\i18n\zh_CN.json
2025-04-23 17:04:43,649 [INFO] __main__: Application initialized successfully
2025-04-23 17:04:52,273 [INFO] apps.app.gui.main_window: 打开项目: C:/Users/韩涛/Desktop/123
2025-04-23 17:04:55,966 [INFO] apps.app.gui.image_list_dock: Successfully added image to list: C:\Users\韩涛\Desktop\微信图片_20250423170019_109.jpg
2025-04-23 17:04:56,769 [INFO] apps.app.gui.image_viewer_dock: Successfully loaded image: C:\Users\韩涛\Desktop\微信图片_20250423170019_109.jpg
2025-04-23 17:04:56,785 [INFO] apps.app.gui.main_window: Successfully loaded image: C:\Users\韩涛\Desktop\微信图片_20250423170019_109.jpg
2025-04-23 17:05:41,359 [INFO] apps.app.core.models.colony_detector: Loading model from: D:/train/checkpoint_epoch_31.pth
2025-04-23 17:05:42,980 [INFO] apps.app.utils.project_manager: Saved project results: C:/Users/韩涛/Desktop/123
2025-04-23 17:05:42,981 [INFO] apps.app.gui.main_window: 保存项目结果: C:/Users/韩涛/Desktop/123
2025-04-23 17:06:04,464 [INFO] apps.app.gui.dock_manager: Saved dock layout
2025-04-23 17:06:04,494 [INFO] __main__: Application cleanup completed
2025-04-29 16:50:20,796 [INFO] apps.app.utils.config: Configuration loaded from apps\app\resources\config.json
2025-04-29 16:50:25,278 [INFO] apps.app.utils.gpu_utils: No CUDA GPU available, using CPU
2025-04-29 16:50:25,278 [INFO] apps.app.main: Using device: cpu
2025-04-29 16:50:25,327 [INFO] apps.app.utils.i18n: Loaded translations from d:\-Users-/Documents/GitHub/CNN-MicroAI-Colony\apps\app\utils\..\resources\i18n\zh_CN.json
2025-04-29 16:50:26,221 [INFO] apps.app.main: Application initialized successfully
2025-04-29 16:50:34,555 [INFO] apps.app.gui.main_window: 打开项目: C:/Users/韩涛/Desktop/123
2025-04-29 16:51:34,543 [INFO] apps.app.gui.image_list_dock: Successfully added image to list: C:\Users\韩涛\Downloads\IMG_20250429_163909.jpg
2025-04-29 16:51:34,746 [INFO] apps.app.gui.image_list_dock: Successfully added image to list: C:\Users\韩涛\Downloads\IMG_20250429_164151.jpg
2025-04-29 16:51:34,960 [INFO] apps.app.gui.image_list_dock: Successfully added image to list: C:\Users\韩涛\Downloads\IMG_20250429_164328.jpg
2025-04-29 16:51:35,166 [INFO] apps.app.gui.image_list_dock: Successfully added image to list: C:\Users\韩涛\Downloads\IMG_20250429_164304.jpg
2025-04-29 16:51:35,403 [INFO] apps.app.gui.image_list_dock: Successfully added image to list: C:\Users\韩涛\Downloads\IMG_20250429_164256.jpg
2025-04-29 16:51:35,621 [INFO] apps.app.gui.image_list_dock: Successfully added image to list: C:\Users\韩涛\Downloads\IMG_20250429_164143.jpg
2025-04-29 16:51:35,809 [INFO] apps.app.gui.image_list_dock: Successfully added image to list: C:\Users\韩涛\Downloads\IMG_20250429_164219.jpg
2025-04-29 16:51:36,028 [INFO] apps.app.gui.image_list_dock: Successfully added image to list: C:\Users\韩涛\Downloads\IMG_20250429_164001.jpg
2025-04-29 16:51:36,292 [INFO] apps.app.gui.image_list_dock: Successfully added image to list: C:\Users\韩涛\Downloads\IMG_20250429_163944.jpg
2025-04-29 16:51:37,136 [INFO] apps.app.gui.image_viewer_dock: Successfully loaded image: C:\Users\韩涛\Downloads\IMG_20250429_163909.jpg
2025-04-29 16:51:37,315 [INFO] apps.app.gui.main_window: Successfully loaded image: C:\Users\韩涛\Downloads\IMG_20250429_163909.jpg
2025-04-29 16:51:41,555 [INFO] apps.app.gui.image_viewer_dock: Successfully loaded image: C:\Users\韩涛\Downloads\IMG_20250429_164151.jpg
2025-04-29 16:51:41,744 [INFO] apps.app.gui.main_window: Successfully loaded image: C:\Users\韩涛\Downloads\IMG_20250429_164151.jpg
2025-04-29 16:51:44,240 [INFO] apps.app.gui.image_viewer_dock: Successfully loaded image: C:\Users\韩涛\Downloads\IMG_20250429_164328.jpg
2025-04-29 16:51:44,382 [INFO] apps.app.gui.main_window: Successfully loaded image: C:\Users\韩涛\Downloads\IMG_20250429_164328.jpg
2025-04-29 16:51:46,702 [INFO] apps.app.gui.image_viewer_dock: Successfully loaded image: C:\Users\韩涛\Downloads\IMG_20250429_164304.jpg
2025-04-29 16:51:46,865 [INFO] apps.app.gui.main_window: Successfully loaded image: C:\Users\韩涛\Downloads\IMG_20250429_164304.jpg
2025-04-29 16:51:55,441 [INFO] apps.app.gui.image_viewer_dock: Successfully loaded image: C:\Users\韩涛\Downloads\IMG_20250429_164256.jpg
2025-04-29 16:51:55,574 [INFO] apps.app.gui.main_window: Successfully loaded image: C:\Users\韩涛\Downloads\IMG_20250429_164256.jpg
2025-04-29 16:51:58,154 [INFO] apps.app.gui.image_viewer_dock: Successfully loaded image: C:\Users\韩涛\Downloads\IMG_20250429_164143.jpg
2025-04-29 16:51:58,330 [INFO] apps.app.gui.main_window: Successfully loaded image: C:\Users\韩涛\Downloads\IMG_20250429_164143.jpg
2025-04-29 16:52:02,515 [INFO] apps.app.gui.image_viewer_dock: Successfully loaded image: C:\Users\韩涛\Downloads\IMG_20250429_164219.jpg
2025-04-29 16:52:02,676 [INFO] apps.app.gui.main_window: Successfully loaded image: C:\Users\韩涛\Downloads\IMG_20250429_164219.jpg
2025-04-29 16:52:05,454 [INFO] apps.app.gui.image_viewer_dock: Successfully loaded image: C:\Users\韩涛\Downloads\IMG_20250429_164001.jpg
2025-04-29 16:52:05,595 [INFO] apps.app.gui.main_window: Successfully loaded image: C:\Users\韩涛\Downloads\IMG_20250429_164001.jpg
2025-04-29 16:52:07,552 [INFO] apps.app.gui.image_viewer_dock: Successfully loaded image: C:\Users\韩涛\Downloads\IMG_20250429_163944.jpg
2025-04-29 16:52:07,737 [INFO] apps.app.gui.main_window: Successfully loaded image: C:\Users\韩涛\Downloads\IMG_20250429_163944.jpg
2025-04-29 16:52:25,436 [INFO] apps.app.utils.project_manager: Saved project results: C:/Users/韩涛/Desktop/123
2025-04-29 16:52:25,437 [INFO] apps.app.gui.main_window: 保存项目结果: C:/Users/韩涛/Desktop/123
2025-04-29 16:53:25,431 [INFO] apps.app.utils.project_manager: Saved project results: C:/Users/韩涛/Desktop/123
2025-04-29 16:53:25,433 [INFO] apps.app.gui.main_window: 保存项目结果: C:/Users/韩涛/Desktop/123
2025-04-29 16:54:25,442 [INFO] apps.app.utils.project_manager: Saved project results: C:/Users/韩涛/Desktop/123
2025-04-29 16:54:25,443 [INFO] apps.app.gui.main_window: 保存项目结果: C:/Users/韩涛/Desktop/123
2025-04-29 16:55:25,434 [INFO] apps.app.utils.project_manager: Saved project results: C:/Users/韩涛/Desktop/123
2025-04-29 16:55:25,436 [INFO] apps.app.gui.main_window: 保存项目结果: C:/Users/韩涛/Desktop/123
2025-04-29 16:56:25,437 [INFO] apps.app.utils.project_manager: Saved project results: C:/Users/韩涛/Desktop/123
2025-04-29 16:56:25,439 [INFO] apps.app.gui.main_window: 保存项目结果: C:/Users/韩涛/Desktop/123
2025-04-29 16:57:25,432 [INFO] apps.app.utils.project_manager: Saved project results: C:/Users/韩涛/Desktop/123
2025-04-29 16:57:25,433 [INFO] apps.app.gui.main_window: 保存项目结果: C:/Users/韩涛/Desktop/123
2025-04-29 16:57:29,956 [INFO] apps.app.gui.dock_manager: Saved dock layout
2025-04-29 16:57:29,994 [INFO] apps.app.main: Application cleanup completed
2025-07-11 00:27:10,259 [INFO] apps.app.utils.config: Configuration loaded from apps\app\resources\config.json
2025-07-11 00:27:15,551 [INFO] apps.app.utils.gpu_utils: No CUDA GPU available, using CPU
2025-07-11 00:27:15,552 [INFO] __main__: Using device: cpu
2025-07-11 00:27:15,609 [INFO] apps.app.utils.i18n: Loaded translations from D:\-Users-\Documents\GitHub\CNN-MicroAI-Colony\apps\app\utils\..\resources\i18n\zh_CN.json
2025-07-11 00:27:16,635 [INFO] __main__: Application initialized successfully
2025-07-11 00:27:26,584 [INFO] apps.app.gui.main_window: 打开项目: C:/Users/BoHuYeShan/Desktop/123
2025-07-11 00:27:31,915 [INFO] apps.app.gui.image_list_dock: Successfully added image to list: C:\Users\BoHuYeShan\Downloads\MVIMG_20250709_141155_1.jpg
2025-07-11 00:27:32,947 [INFO] apps.app.gui.image_viewer_dock: Successfully loaded image: C:\Users\BoHuYeShan\Downloads\MVIMG_20250709_141155_1.jpg
2025-07-11 00:27:33,196 [INFO] apps.app.gui.main_window: Successfully loaded image: C:\Users\BoHuYeShan\Downloads\MVIMG_20250709_141155_1.jpg
2025-07-11 00:28:15,758 [INFO] apps.app.utils.project_manager: Saved project results: C:/Users/BoHuYeShan/Desktop/123
2025-07-11 00:28:15,759 [INFO] apps.app.gui.main_window: 保存项目结果: C:/Users/BoHuYeShan/Desktop/123
2025-07-11 00:29:15,765 [INFO] apps.app.utils.project_manager: Saved project results: C:/Users/BoHuYeShan/Desktop/123
2025-07-11 00:29:15,765 [INFO] apps.app.gui.main_window: 保存项目结果: C:/Users/BoHuYeShan/Desktop/123
2025-07-11 00:30:15,762 [INFO] apps.app.utils.project_manager: Saved project results: C:/Users/BoHuYeShan/Desktop/123
2025-07-11 00:30:15,763 [INFO] apps.app.gui.main_window: 保存项目结果: C:/Users/BoHuYeShan/Desktop/123
2025-07-11 00:31:19,386 [INFO] apps.app.utils.project_manager: Saved project results: C:/Users/BoHuYeShan/Desktop/123
2025-07-11 00:31:19,386 [INFO] apps.app.gui.main_window: 保存项目结果: C:/Users/BoHuYeShan/Desktop/123
2025-07-11 00:32:19,394 [INFO] apps.app.utils.project_manager: Saved project results: C:/Users/BoHuYeShan/Desktop/123
2025-07-11 00:32:19,395 [INFO] apps.app.gui.main_window: 保存项目结果: C:/Users/BoHuYeShan/Desktop/123
2025-07-11 00:33:19,396 [INFO] apps.app.utils.project_manager: Saved project results: C:/Users/BoHuYeShan/Desktop/123
2025-07-11 00:33:19,397 [INFO] apps.app.gui.main_window: 保存项目结果: C:/Users/BoHuYeShan/Desktop/123
2025-07-11 00:34:19,383 [INFO] apps.app.utils.project_manager: Saved project results: C:/Users/BoHuYeShan/Desktop/123
2025-07-11 00:34:19,384 [INFO] apps.app.gui.main_window: 保存项目结果: C:/Users/BoHuYeShan/Desktop/123
2025-07-11 00:35:19,390 [INFO] apps.app.utils.project_manager: Saved project results: C:/Users/BoHuYeShan/Desktop/123
2025-07-11 00:35:19,391 [INFO] apps.app.gui.main_window: 保存项目结果: C:/Users/BoHuYeShan/Desktop/123
2025-07-11 00:36:19,397 [INFO] apps.app.utils.project_manager: Saved project results: C:/Users/BoHuYeShan/Desktop/123
2025-07-11 00:36:19,398 [INFO] apps.app.gui.main_window: 保存项目结果: C:/Users/BoHuYeShan/Desktop/123
