2025-03-05 17:57:56,067 - root - INFO - Logging initialized
2025-03-05 17:57:56,071 - root - INFO - Application directories created
2025-03-05 17:57:56,073 - root - ERROR - Failed to initialize application: No module named 'app'
2025-03-05 17:57:56,074 - root - ERROR - Application failed to start: Failed to initialize application: No module named 'app'
2025-03-05 18:01:58,722 - root - INFO - Logging initialized
2025-03-05 18:01:58,725 - root - INFO - Application directories created
2025-03-05 18:01:58,728 - root - ERROR - Failed to initialize application: No module named 'app'
2025-03-05 18:01:58,728 - root - ERROR - Application failed to start: Failed to initialize application: No module named 'app'
2025-03-05 18:02:54,192 - root - INFO - Logging initialized
2025-03-05 18:02:54,194 - root - INFO - Application directories created
2025-03-05 18:02:54,251 - app.config - INFO - Using defaults configuration from: C:\Users\ETPau\Documents\GitHub\CNN-\app\config\defaults\defaults.yaml
2025-03-05 18:02:54,273 - app.config - INFO - Copied default config to: C:\Users\ETPau\Documents\GitHub\CNN-\app\config\config.yaml
2025-03-05 18:02:54,273 - root - INFO - Configuration initialized
2025-03-05 18:02:54,822 - root - ERROR - Failed to initialize application: cannot import name gettz
2025-03-05 18:02:54,822 - root - ERROR - Application failed to start: Failed to initialize application: cannot import name gettz
2025-03-05 19:02:40,566 - root - INFO - Logging initialized
2025-03-05 19:02:40,569 - root - INFO - Application directories created
2025-03-05 19:02:40,632 - app.config - INFO - Using defaults configuration from: C:\Users\ETPau\Documents\GitHub\CNN-\app\config\defaults\defaults.yaml
2025-03-05 19:02:40,655 - app.config - INFO - Copied default config to: C:\Users\ETPau\Documents\GitHub\CNN-\app\config\config.yaml
2025-03-05 19:02:40,656 - root - INFO - Configuration initialized
2025-03-05 19:02:42,334 - root - ERROR - Failed to initialize application: No module named 'matplotlib.pyplot'
2025-03-05 19:02:42,334 - root - ERROR - Application failed to start: Failed to initialize application: No module named 'matplotlib.pyplot'
2025-03-05 19:03:37,511 - root - INFO - Logging initialized
2025-03-05 19:03:37,514 - root - INFO - Application directories created
2025-03-05 19:03:37,569 - app.config - INFO - Using defaults configuration from: C:\Users\ETPau\Documents\GitHub\CNN-\app\config\defaults\defaults.yaml
2025-03-05 19:03:37,586 - app.config - INFO - Copied default config to: C:\Users\ETPau\Documents\GitHub\CNN-\app\config\config.yaml
2025-03-05 19:03:37,587 - root - INFO - Configuration initialized
2025-03-05 19:03:38,767 - root - ERROR - Failed to initialize application: cannot import name 'Image' from 'PIL' (unknown location)
2025-03-05 19:03:38,767 - root - ERROR - Application failed to start: Failed to initialize application: cannot import name 'Image' from 'PIL' (unknown location)
2025-03-05 19:05:26,137 - root - INFO - Logging initialized
2025-03-05 19:05:26,139 - root - INFO - Application directories created
2025-03-05 19:05:26,191 - app.config - INFO - Using defaults configuration from: C:\Users\ETPau\Documents\GitHub\CNN-\app\config\defaults\defaults.yaml
2025-03-05 19:05:26,210 - app.config - INFO - Copied default config to: C:\Users\ETPau\Documents\GitHub\CNN-\app\config\config.yaml
2025-03-05 19:05:26,210 - root - INFO - Configuration initialized
2025-03-05 19:05:28,094 - root - ERROR - Failed to initialize application: cannot import name 'Environment' from 'jinja2' (unknown location)
2025-03-05 19:05:28,094 - root - ERROR - Application failed to start: Failed to initialize application: cannot import name 'Environment' from 'jinja2' (unknown location)
2025-03-05 19:07:05,121 - root - INFO - Logging initialized
2025-03-05 19:07:05,138 - root - INFO - Application directories created
2025-03-05 19:07:05,202 - app.config - INFO - Using defaults configuration from: C:\Users\ETPau\Documents\GitHub\CNN-\app\config\defaults\defaults.yaml
2025-03-05 19:07:05,230 - app.config - INFO - Copied default config to: C:\Users\ETPau\Documents\GitHub\CNN-\app\config\config.yaml
2025-03-05 19:07:05,230 - root - INFO - Configuration initialized
2025-03-05 19:07:09,537 - app.utils.i18n - INFO - Loaded translations: ['en', 'zh']
2025-03-05 19:07:09,959 - app.gui.main_window - INFO - Starting in demo mode
2025-03-05 19:07:09,959 - app.models.inference - INFO - Running in demo mode - using mock predictions
2025-03-05 19:07:09,959 - app.gui.main_window - INFO - Model initialized successfully
2025-03-05 19:07:10,346 - app.config.config_manager - INFO - Configuration saved to C:\Users\ETPau\Documents\GitHub\CNN-\app\config\defaults\defaults.yaml
2025-03-05 19:07:10,353 - app.gui.image_list_widget - INFO - Image loaded: OIP-C.jpg
2025-03-05 19:07:18,889 - app.config.config_manager - INFO - Configuration saved to C:\Users\ETPau\Documents\GitHub\CNN-\app\config\defaults\defaults.yaml
2025-03-05 19:07:22,938 - app.utils.i18n - INFO - Language changed to en
2025-03-05 19:07:22,942 - app.config.config_manager - INFO - Configuration saved to C:\Users\ETPau\Documents\GitHub\CNN-\app\config\defaults\defaults.yaml
2025-03-05 19:07:25,874 - app.utils.i18n - INFO - Language changed to zh
2025-03-05 19:07:25,878 - app.config.config_manager - INFO - Configuration saved to C:\Users\ETPau\Documents\GitHub\CNN-\app\config\defaults\defaults.yaml
2025-03-05 19:07:27,933 - app.config.config_manager - INFO - Configuration saved to C:\Users\ETPau\Documents\GitHub\CNN-\app\config\defaults\defaults.yaml
2025-03-05 19:07:43,305 - app.utils.batch_analyzer - INFO - Processing image: OIP-C
2025-03-05 19:07:43,307 - app.utils.batch_analyzer - ERROR - Failed to process image OIP-C: module 'cv2' has no attribute 'imread'
2025-03-05 19:07:43,308 - app.utils.batch_analyzer - ERROR - Batch analysis failed: cannot access local variable 'image_dir' where it is not associated with a value
2025-03-05 19:07:43,308 - app.gui.main_window - ERROR - Batch analysis error: cannot access local variable 'image_dir' where it is not associated with a value
2025-03-05 19:08:45,439 - app.config.config_manager - INFO - Configuration saved to C:\Users\ETPau\Documents\GitHub\CNN-\app\config\defaults\defaults.yaml
2025-03-05 19:41:42,500 - root - INFO - Logging initialized
2025-03-05 19:41:42,502 - root - INFO - Application directories created
2025-03-05 19:41:42,565 - app.config - INFO - Using defaults configuration from: C:\Users\ETPau\Documents\GitHub\CNN-\app\config\defaults\defaults.yaml
2025-03-05 19:41:42,587 - app.config - INFO - Copied default config to: C:\Users\ETPau\Documents\GitHub\CNN-\app\config\config.yaml
2025-03-05 19:41:42,587 - root - INFO - Configuration initialized
2025-03-05 19:41:47,203 - app.utils.i18n - INFO - Loaded translations: ['en', 'zh']
2025-03-05 19:41:47,730 - app.gui.main_window - INFO - Starting in demo mode
2025-03-05 19:41:47,730 - app.models.inference - INFO - Running in demo mode - using mock predictions
2025-03-05 19:41:47,730 - app.gui.main_window - INFO - Model initialized successfully
2025-03-05 19:41:48,220 - app.config.config_manager - INFO - Configuration saved to C:\Users\ETPau\Documents\GitHub\CNN-\app\config\defaults\defaults.yaml
2025-03-05 19:41:48,231 - app.gui.image_list_widget - INFO - Image loaded: OIP-C.jpg
2025-03-05 19:41:55,326 - app.config.config_manager - INFO - Configuration saved to C:\Users\ETPau\Documents\GitHub\CNN-\app\config\defaults\defaults.yaml
2025-03-05 19:41:58,177 - app.utils.i18n - INFO - Language changed to en
2025-03-05 19:41:58,180 - app.config.config_manager - INFO - Configuration saved to C:\Users\ETPau\Documents\GitHub\CNN-\app\config\defaults\defaults.yaml
2025-03-05 19:42:01,191 - app.utils.i18n - INFO - Language changed to zh
2025-03-05 19:42:01,198 - app.config.config_manager - INFO - Configuration saved to C:\Users\ETPau\Documents\GitHub\CNN-\app\config\defaults\defaults.yaml
2025-03-05 19:42:02,956 - app.config.config_manager - INFO - Configuration saved to C:\Users\ETPau\Documents\GitHub\CNN-\app\config\defaults\defaults.yaml
2025-03-05 19:42:22,131 - app.config.config_manager - INFO - Configuration saved to C:\Users\ETPau\Documents\GitHub\CNN-\app\config\defaults\defaults.yaml
2025-03-05 20:26:45,207 - root - INFO - Logging initialized
2025-03-05 20:26:45,215 - root - INFO - Application directories created
2025-03-05 20:26:45,339 - app.config - INFO - Using defaults configuration from: C:\Users\ETPau\Documents\GitHub\CNN-\app\config\defaults\defaults.yaml
2025-03-05 20:26:45,363 - app.config - INFO - Copied default config to: C:\Users\ETPau\Documents\GitHub\CNN-\app\config\config.yaml
2025-03-05 20:26:45,365 - root - INFO - Configuration initialized
2025-03-05 20:26:45,886 - root - ERROR - Failed to initialize application: numpy.core.multiarray failed to import
2025-03-05 20:26:45,886 - root - ERROR - Application failed to start: Failed to initialize application: numpy.core.multiarray failed to import
2025-03-05 20:53:30,839 - root - INFO - Logging initialized
2025-03-05 20:53:30,850 - root - INFO - Application directories created
2025-03-05 20:53:30,996 - app.config - INFO - Using defaults configuration from: C:\Users\ETPau\Documents\GitHub\CNN-\app\config\defaults\defaults.yaml
2025-03-05 20:53:31,043 - app.config - INFO - Copied default config to: C:\Users\ETPau\Documents\GitHub\CNN-\app\config\config.yaml
2025-03-05 20:53:31,043 - root - INFO - Configuration initialized
2025-03-05 20:53:39,279 - app.utils.i18n - INFO - Loaded translations: ['en', 'zh']
2025-03-05 20:53:39,938 - app.gui.main_window - INFO - Starting in demo mode
2025-03-05 20:53:39,939 - app.models.inference - INFO - Running in demo mode - using mock predictions
2025-03-05 20:53:39,939 - app.gui.main_window - INFO - Model initialized successfully
2025-03-05 20:53:40,369 - app.config.config_manager - INFO - Configuration saved to C:\Users\ETPau\Documents\GitHub\CNN-\app\config\defaults\defaults.yaml
2025-03-05 20:53:40,374 - app.gui.image_list_widget - INFO - Image loaded: OIP-C.jpg
2025-03-05 20:55:21,883 - app.gui.image_list_widget - INFO - Processing complete: OIP-C.jpg
2025-03-05 20:56:24,249 - app.gui.image_list_widget - INFO - Image loaded: t019872959c62f44875.jpg
2025-03-05 20:56:24,251 - app.gui.image_list_widget - INFO - Image loaded: 2121.jpg
2025-03-05 20:56:29,222 - app.gui.image_list_widget - INFO - Processing complete: OIP-C.jpg
2025-03-05 20:56:29,223 - app.gui.image_list_widget - INFO - Processing complete: t019872959c62f44875.jpg
2025-03-05 20:56:29,223 - app.gui.image_list_widget - INFO - Processing complete: 2121.jpg
2025-03-05 20:56:31,182 - app.gui.result_viewer - ERROR - Failed to populate summary: No valid results to show
2025-03-05 20:56:31,223 - app.gui.result_viewer - ERROR - Failed to create comparison plots: No valid data for comparison plots
2025-03-05 20:56:31,224 - app.gui.result_viewer - ERROR - Failed to create comparison plots: No valid data for comparison plots
2025-03-05 20:56:31,378 - app.gui.result_viewer - ERROR - Failed to create plots: 'run_number'
2025-03-05 20:56:31,379 - app.gui.result_viewer - ERROR - Failed to update detail plots: 'run_number'
2025-03-05 20:56:31,438 - app.gui.result_viewer - ERROR - Failed to create plots: 'run_number'
2025-03-05 20:56:31,438 - app.gui.result_viewer - ERROR - Failed to create plots: 'run_number'
2025-03-05 20:56:45,353 - app.utils.batch_analyzer - INFO - Processing image: OIP-C
2025-03-05 20:56:46,688 - app.utils.batch_analyzer - INFO - Plots created in C:\Users\ETPau\Desktop\MicroAI Detect\1\results\batch\20250305_205645\plots
2025-03-05 20:56:46,834 - app.utils.batch_analyzer - INFO - Processing image: t019872959c62f44875
2025-03-05 20:56:48,140 - app.utils.batch_analyzer - INFO - Plots created in C:\Users\ETPau\Desktop\MicroAI Detect\1\results\batch\20250305_205645\plots
2025-03-05 20:56:48,196 - app.utils.batch_analyzer - INFO - Processing image: 2121
2025-03-05 20:56:49,479 - app.utils.batch_analyzer - INFO - Plots created in C:\Users\ETPau\Desktop\MicroAI Detect\1\results\batch\20250305_205645\plots
2025-03-05 20:56:49,625 - app.gui.image_list_widget - INFO - Processing complete: OIP-C.jpg
2025-03-05 20:56:49,625 - app.gui.image_list_widget - INFO - Processing complete: t019872959c62f44875.jpg
2025-03-05 20:56:49,627 - app.gui.image_list_widget - INFO - Processing complete: 2121.jpg
2025-03-05 20:58:28,960 - app.config.config_manager - INFO - Configuration saved to C:\Users\ETPau\Documents\GitHub\CNN-\app\config\defaults\defaults.yaml
2025-03-05 22:38:35,504 - root - INFO - Logging initialized
2025-03-05 22:38:35,506 - root - INFO - Application directories created
2025-03-05 22:38:35,597 - app.config - INFO - Using defaults configuration from: C:\Users\ETPau\Documents\GitHub\CNN-\app\config\defaults\defaults.yaml
2025-03-05 22:38:35,629 - app.config - INFO - Copied default config to: C:\Users\ETPau\Documents\GitHub\CNN-\app\config\config.yaml
2025-03-05 22:38:35,630 - root - INFO - Configuration initialized
2025-03-05 22:38:40,298 - app.utils.i18n - INFO - Loaded translations: ['en', 'zh']
2025-03-05 22:38:40,787 - app.gui.main_window - INFO - Starting in demo mode
2025-03-05 22:38:40,787 - app.models.inference - INFO - Running in demo mode - using mock predictions
2025-03-05 22:38:40,787 - app.gui.main_window - INFO - Model initialized successfully
2025-03-05 22:38:41,164 - app.config.config_manager - INFO - Configuration saved to C:\Users\ETPau\Documents\GitHub\CNN-\app\config\defaults\defaults.yaml
2025-03-05 22:38:41,168 - app.gui.image_list_widget - INFO - Image loaded: OIP-C.jpg
2025-03-05 22:38:46,188 - app.config.config_manager - INFO - Configuration saved to C:\Users\ETPau\Documents\GitHub\CNN-\app\config\defaults\defaults.yaml
2025-03-05 22:38:49,447 - app.utils.i18n - INFO - Language changed to en
2025-03-05 22:38:49,450 - app.config.config_manager - INFO - Configuration saved to C:\Users\ETPau\Documents\GitHub\CNN-\app\config\defaults\defaults.yaml
2025-03-05 22:38:51,879 - app.utils.i18n - INFO - Language changed to zh
2025-03-05 22:38:51,882 - app.config.config_manager - INFO - Configuration saved to C:\Users\ETPau\Documents\GitHub\CNN-\app\config\defaults\defaults.yaml
2025-03-05 22:38:53,256 - app.config.config_manager - INFO - Configuration saved to C:\Users\ETPau\Documents\GitHub\CNN-\app\config\defaults\defaults.yaml
2025-03-05 22:38:58,721 - app.gui.image_list_widget - INFO - Processing complete: OIP-C.jpg
2025-03-05 22:39:05,452 - app.utils.batch_analyzer - INFO - Processing image: OIP-C
2025-03-05 22:39:07,525 - app.utils.batch_analyzer - INFO - Plots created in C:\Users\ETPau\Desktop\MicroAI Detect\1\results\batch\20250305_223905\plots
2025-03-05 22:39:07,694 - app.gui.image_list_widget - INFO - Processing complete: OIP-C.jpg
2025-03-05 22:39:24,597 - app.config.config_manager - INFO - Configuration saved to C:\Users\ETPau\Documents\GitHub\CNN-\app\config\defaults\defaults.yaml
2025-03-05 22:39:24,601 - app.gui.image_list_widget - INFO - Image loaded: R-C.jpg
2025-03-05 22:39:37,426 - app.gui.image_list_widget - INFO - Image loaded: OIP-C.jpg
2025-03-05 22:39:37,426 - app.gui.image_list_widget - INFO - Image loaded: t019872959c62f44875.jpg
2025-03-05 22:39:39,720 - app.utils.batch_analyzer - INFO - Processing image: R-C
2025-03-05 22:39:41,080 - app.utils.batch_analyzer - INFO - Plots created in C:\Users\ETPau\Desktop\MicroAI Detect\2\results\batch\20250305_223939\plots
2025-03-05 22:39:41,132 - app.utils.batch_analyzer - INFO - Processing image: OIP-C
2025-03-05 22:39:42,488 - app.utils.batch_analyzer - INFO - Plots created in C:\Users\ETPau\Desktop\MicroAI Detect\2\results\batch\20250305_223939\plots
2025-03-05 22:39:42,529 - app.utils.batch_analyzer - INFO - Processing image: t019872959c62f44875
2025-03-05 22:39:43,793 - app.utils.batch_analyzer - INFO - Plots created in C:\Users\ETPau\Desktop\MicroAI Detect\2\results\batch\20250305_223939\plots
2025-03-05 22:39:43,921 - app.gui.image_list_widget - INFO - Processing complete: R-C.jpg
2025-03-05 22:39:43,921 - app.gui.image_list_widget - INFO - Processing complete: OIP-C.jpg
2025-03-05 22:39:43,922 - app.gui.image_list_widget - INFO - Processing complete: t019872959c62f44875.jpg
2025-03-05 22:40:15,837 - app.config.config_manager - INFO - Configuration saved to C:\Users\ETPau\Documents\GitHub\CNN-\app\config\defaults\defaults.yaml
2025-03-05 22:40:59,408 - root - INFO - Logging initialized
2025-03-05 22:40:59,410 - root - INFO - Application directories created
2025-03-05 22:40:59,460 - app.config - INFO - Using defaults configuration from: C:\Users\ETPau\Documents\GitHub\CNN-\app\config\defaults\defaults.yaml
2025-03-05 22:40:59,479 - app.config - INFO - Copied default config to: C:\Users\ETPau\Documents\GitHub\CNN-\app\config\config.yaml
2025-03-05 22:40:59,480 - root - INFO - Configuration initialized
2025-03-05 22:41:03,583 - app.utils.i18n - INFO - Loaded translations: ['en', 'zh']
2025-03-05 22:41:03,994 - app.gui.main_window - INFO - Starting in demo mode
2025-03-05 22:41:03,994 - app.models.inference - INFO - Running in demo mode - using mock predictions
2025-03-05 22:41:03,995 - app.gui.main_window - INFO - Model initialized successfully
2025-03-05 22:41:04,535 - app.config.config_manager - INFO - Configuration saved to C:\Users\ETPau\Documents\GitHub\CNN-\app\config\defaults\defaults.yaml
2025-03-05 22:41:04,538 - app.gui.image_list_widget - INFO - Image loaded: OIP-C.jpg
2025-03-05 22:41:04,539 - app.gui.image_list_widget - INFO - Image loaded: R-C.jpg
2025-03-05 22:41:04,539 - app.gui.image_list_widget - INFO - Image loaded: t019872959c62f44875.jpg
2025-03-05 22:41:19,984 - app.utils.batch_analyzer - INFO - Processing image: OIP-C
2025-03-05 22:41:21,334 - app.utils.batch_analyzer - INFO - Plots created in C:\Users\ETPau\Desktop\MicroAI Detect\2\results\batch\20250305_224119\plots
2025-03-05 22:41:21,458 - app.utils.batch_analyzer - INFO - Processing image: R-C
2025-03-05 22:41:22,770 - app.utils.batch_analyzer - INFO - Plots created in C:\Users\ETPau\Desktop\MicroAI Detect\2\results\batch\20250305_224119\plots
2025-03-05 22:41:22,817 - app.utils.batch_analyzer - INFO - Processing image: t019872959c62f44875
2025-03-05 22:41:24,151 - app.utils.batch_analyzer - INFO - Plots created in C:\Users\ETPau\Desktop\MicroAI Detect\2\results\batch\20250305_224119\plots
2025-03-05 22:41:24,292 - app.gui.image_list_widget - INFO - Processing complete: OIP-C.jpg
2025-03-05 22:41:24,292 - app.gui.image_list_widget - INFO - Processing complete: R-C.jpg
2025-03-05 22:41:24,294 - app.gui.image_list_widget - INFO - Processing complete: t019872959c62f44875.jpg
2025-03-05 22:42:01,133 - app.config.config_manager - INFO - Configuration saved to C:\Users\ETPau\Documents\GitHub\CNN-\app\config\defaults\defaults.yaml
2025-03-05 22:42:01,138 - app.gui.image_list_widget - INFO - Image loaded: OIP-C.jpg
2025-03-05 22:42:03,348 - app.utils.batch_analyzer - INFO - Processing image: OIP-C
2025-03-05 22:42:05,272 - app.utils.batch_analyzer - INFO - Plots created in C:\Users\ETPau\Desktop\MicroAI Detect\1\results\batch\20250305_224203\plots
2025-03-05 22:42:05,345 - app.gui.image_list_widget - INFO - Processing complete: OIP-C.jpg
2025-03-05 22:42:14,245 - app.config.config_manager - INFO - Configuration saved to C:\Users\ETPau\Documents\GitHub\CNN-\app\config\defaults\defaults.yaml
2025-03-05 22:43:02,306 - root - INFO - Logging initialized
2025-03-05 22:43:02,323 - root - INFO - Application directories created
2025-03-05 22:43:02,376 - app.config - INFO - Using defaults configuration from: C:\Users\ETPau\Documents\GitHub\CNN-\app\config\defaults\defaults.yaml
2025-03-05 22:43:02,398 - app.config - INFO - Copied default config to: C:\Users\ETPau\Documents\GitHub\CNN-\app\config\config.yaml
2025-03-05 22:43:02,398 - root - INFO - Configuration initialized
2025-03-05 22:43:06,082 - app.utils.i18n - INFO - Loaded translations: ['en', 'zh']
2025-03-05 22:43:06,432 - app.gui.main_window - INFO - Starting in demo mode
2025-03-05 22:43:06,432 - app.models.inference - INFO - Running in demo mode - using mock predictions
2025-03-05 22:43:06,432 - app.gui.main_window - INFO - Model initialized successfully
2025-03-05 22:43:06,783 - app.config.config_manager - INFO - Configuration saved to C:\Users\ETPau\Documents\GitHub\CNN-\app\config\defaults\defaults.yaml
2025-03-05 22:43:06,787 - app.gui.image_list_widget - INFO - Image loaded: OIP-C.jpg
2025-03-05 22:43:45,124 - app.config.config_manager - INFO - Configuration saved to C:\Users\ETPau\Documents\GitHub\CNN-\app\config\defaults\defaults.yaml
2025-03-05 22:43:45,127 - app.gui.image_list_widget - INFO - Image loaded: OIP-C.jpg
2025-03-05 22:43:45,128 - app.gui.image_list_widget - INFO - Image loaded: R-C.jpg
2025-03-05 22:43:45,128 - app.gui.image_list_widget - INFO - Image loaded: t019872959c62f44875.jpg
2025-03-05 22:43:49,248 - app.gui.image_list_widget - INFO - Processing complete: OIP-C.jpg
2025-03-05 22:43:49,249 - app.gui.image_list_widget - INFO - Processing complete: R-C.jpg
2025-03-05 22:43:49,249 - app.gui.image_list_widget - INFO - Processing complete: t019872959c62f44875.jpg
2025-03-05 22:43:49,848 - app.gui.result_viewer - ERROR - Failed to populate summary: No valid results to show
2025-03-05 22:43:49,849 - app.gui.result_viewer - ERROR - Failed to create comparison plots: No valid data for comparison plots
2025-03-05 22:43:49,850 - app.gui.result_viewer - ERROR - Failed to create comparison plots: No valid data for comparison plots
2025-03-05 22:43:49,949 - app.gui.result_viewer - ERROR - Failed to create plots: 'run_number'
2025-03-05 22:43:49,950 - app.gui.result_viewer - ERROR - Failed to update detail plots: 'run_number'
2025-03-05 22:43:49,994 - app.gui.result_viewer - ERROR - Failed to create plots: 'run_number'
2025-03-05 22:43:49,996 - app.gui.result_viewer - ERROR - Failed to create plots: 'run_number'
2025-03-05 22:43:56,357 - app.utils.batch_analyzer - INFO - Processing image: OIP-C
2025-03-05 22:43:57,659 - app.utils.batch_analyzer - INFO - Plots created in C:\Users\ETPau\Desktop\MicroAI Detect\2\results\batch\20250305_224356\plots
2025-03-05 22:43:57,772 - app.utils.batch_analyzer - INFO - Processing image: R-C
2025-03-05 22:43:59,134 - app.utils.batch_analyzer - INFO - Plots created in C:\Users\ETPau\Desktop\MicroAI Detect\2\results\batch\20250305_224356\plots
2025-03-05 22:43:59,180 - app.utils.batch_analyzer - INFO - Processing image: t019872959c62f44875
2025-03-05 22:44:00,567 - app.utils.batch_analyzer - INFO - Plots created in C:\Users\ETPau\Desktop\MicroAI Detect\2\results\batch\20250305_224356\plots
2025-03-05 22:44:00,788 - app.gui.image_list_widget - INFO - Processing complete: OIP-C.jpg
2025-03-05 22:44:00,790 - app.gui.image_list_widget - INFO - Processing complete: R-C.jpg
2025-03-05 22:44:00,791 - app.gui.image_list_widget - INFO - Processing complete: t019872959c62f44875.jpg
2025-03-05 22:44:10,458 - app.config.config_manager - INFO - Configuration saved to C:\Users\ETPau\Documents\GitHub\CNN-\app\config\defaults\defaults.yaml
2025-03-05 22:45:29,460 - root - INFO - Logging initialized
2025-03-05 22:45:29,462 - root - INFO - Application directories created
2025-03-05 22:45:29,504 - app.config - INFO - Using defaults configuration from: C:\Users\ETPau\Documents\GitHub\CNN-\app\config\defaults\defaults.yaml
2025-03-05 22:45:29,519 - app.config - INFO - Copied default config to: C:\Users\ETPau\Documents\GitHub\CNN-\app\config\config.yaml
2025-03-05 22:45:29,519 - root - INFO - Configuration initialized
2025-03-05 22:45:33,181 - app.utils.i18n - INFO - Loaded translations: ['en', 'zh']
2025-03-05 22:45:33,554 - app.gui.main_window - INFO - Starting in demo mode
2025-03-05 22:45:33,555 - app.models.inference - INFO - Running in demo mode - using mock predictions
2025-03-05 22:45:33,555 - app.gui.main_window - INFO - Model initialized successfully
2025-03-05 22:45:33,972 - app.config.config_manager - INFO - Configuration saved to C:\Users\ETPau\Documents\GitHub\CNN-\app\config\defaults\defaults.yaml
2025-03-05 22:45:33,976 - app.gui.image_list_widget - INFO - Image loaded: OIP-C.jpg
2025-03-05 22:45:33,976 - app.gui.image_list_widget - INFO - Image loaded: R-C.jpg
2025-03-05 22:45:33,978 - app.gui.image_list_widget - INFO - Image loaded: t019872959c62f44875.jpg
2025-03-05 22:59:58,282 - app.gui.image_list_widget - INFO - Processing complete: OIP-C.jpg
2025-03-05 22:59:58,283 - app.gui.image_list_widget - INFO - Processing complete: R-C.jpg
2025-03-05 22:59:58,283 - app.gui.image_list_widget - INFO - Processing complete: t019872959c62f44875.jpg
2025-03-05 22:59:58,891 - app.gui.result_viewer - ERROR - Failed to populate summary: No valid results to show
2025-03-05 22:59:58,893 - app.gui.result_viewer - ERROR - Failed to create comparison plots: No valid data for comparison plots
2025-03-05 22:59:58,894 - app.gui.result_viewer - ERROR - Failed to create comparison plots: No valid data for comparison plots
2025-03-05 22:59:59,002 - app.gui.result_viewer - ERROR - Failed to create plots: 'run_number'
2025-03-05 22:59:59,002 - app.gui.result_viewer - ERROR - Failed to update detail plots: 'run_number'
2025-03-05 22:59:59,041 - app.gui.result_viewer - ERROR - Failed to create plots: 'run_number'
2025-03-05 22:59:59,042 - app.gui.result_viewer - ERROR - Failed to create plots: 'run_number'
2025-03-05 23:00:06,435 - app.utils.batch_analyzer - INFO - Processing image: OIP-C
2025-03-05 23:00:07,824 - app.utils.batch_analyzer - INFO - Plots created in C:\Users\ETPau\Desktop\MicroAI Detect\2\results\batch\20250305_230006\plots
2025-03-05 23:00:07,942 - app.utils.batch_analyzer - INFO - Processing image: R-C
2025-03-05 23:00:09,297 - app.utils.batch_analyzer - INFO - Plots created in C:\Users\ETPau\Desktop\MicroAI Detect\2\results\batch\20250305_230006\plots
2025-03-05 23:00:09,351 - app.utils.batch_analyzer - INFO - Processing image: t019872959c62f44875
2025-03-05 23:00:10,623 - app.utils.batch_analyzer - INFO - Plots created in C:\Users\ETPau\Desktop\MicroAI Detect\2\results\batch\20250305_230006\plots
2025-03-05 23:00:10,748 - app.gui.image_list_widget - INFO - Processing complete: OIP-C.jpg
2025-03-05 23:00:10,749 - app.gui.image_list_widget - INFO - Processing complete: R-C.jpg
2025-03-05 23:00:10,749 - app.gui.image_list_widget - INFO - Processing complete: t019872959c62f44875.jpg
2025-03-05 23:00:20,301 - app.gui.image_list_widget - INFO - Processing complete: OIP-C.jpg
2025-03-05 23:00:20,302 - app.gui.image_list_widget - INFO - Processing complete: R-C.jpg
2025-03-05 23:00:20,302 - app.gui.image_list_widget - INFO - Processing complete: t019872959c62f44875.jpg
2025-03-05 23:00:20,981 - app.gui.result_viewer - ERROR - Failed to populate summary: No valid results to show
2025-03-05 23:00:20,982 - app.gui.result_viewer - ERROR - Failed to create comparison plots: No valid data for comparison plots
2025-03-05 23:00:20,982 - app.gui.result_viewer - ERROR - Failed to create comparison plots: No valid data for comparison plots
2025-03-05 23:00:21,026 - app.gui.result_viewer - ERROR - Failed to create plots: 'run_number'
2025-03-05 23:00:21,026 - app.gui.result_viewer - ERROR - Failed to update detail plots: 'run_number'
2025-03-05 23:00:21,062 - app.gui.result_viewer - ERROR - Failed to create plots: 'run_number'
2025-03-05 23:00:21,062 - app.gui.result_viewer - ERROR - Failed to create plots: 'run_number'
2025-03-05 23:00:26,681 - app.gui.image_list_widget - INFO - Processing complete: OIP-C.jpg
2025-03-05 23:00:26,681 - app.gui.image_list_widget - INFO - Processing complete: R-C.jpg
2025-03-05 23:00:26,681 - app.gui.image_list_widget - INFO - Processing complete: t019872959c62f44875.jpg
2025-03-05 23:00:28,501 - app.gui.image_list_widget - INFO - Processing complete: OIP-C.jpg
2025-03-05 23:00:28,501 - app.gui.image_list_widget - INFO - Processing complete: R-C.jpg
2025-03-05 23:00:28,502 - app.gui.image_list_widget - INFO - Processing complete: t019872959c62f44875.jpg
2025-03-05 23:00:29,006 - app.gui.image_list_widget - INFO - Processing complete: OIP-C.jpg
2025-03-05 23:00:29,006 - app.gui.image_list_widget - INFO - Processing complete: R-C.jpg
2025-03-05 23:00:29,006 - app.gui.image_list_widget - INFO - Processing complete: t019872959c62f44875.jpg
2025-03-05 23:00:29,414 - app.gui.image_list_widget - INFO - Processing complete: OIP-C.jpg
2025-03-05 23:00:29,415 - app.gui.image_list_widget - INFO - Processing complete: R-C.jpg
2025-03-05 23:00:29,416 - app.gui.image_list_widget - INFO - Processing complete: t019872959c62f44875.jpg
2025-03-05 23:00:29,583 - app.gui.image_list_widget - INFO - Processing complete: OIP-C.jpg
2025-03-05 23:00:29,583 - app.gui.image_list_widget - INFO - Processing complete: R-C.jpg
2025-03-05 23:00:29,585 - app.gui.image_list_widget - INFO - Processing complete: t019872959c62f44875.jpg
2025-03-05 23:00:29,771 - app.gui.image_list_widget - INFO - Processing complete: OIP-C.jpg
2025-03-05 23:00:29,772 - app.gui.image_list_widget - INFO - Processing complete: R-C.jpg
2025-03-05 23:00:29,773 - app.gui.image_list_widget - INFO - Processing complete: t019872959c62f44875.jpg
2025-03-05 23:00:30,030 - app.gui.image_list_widget - INFO - Processing complete: OIP-C.jpg
2025-03-05 23:00:30,030 - app.gui.image_list_widget - INFO - Processing complete: R-C.jpg
2025-03-05 23:00:30,031 - app.gui.image_list_widget - INFO - Processing complete: t019872959c62f44875.jpg
2025-03-05 23:00:30,499 - app.gui.result_viewer - ERROR - Failed to populate summary: No valid results to show
2025-03-05 23:00:30,502 - app.gui.result_viewer - ERROR - Failed to create comparison plots: No valid data for comparison plots
2025-03-05 23:00:30,502 - app.gui.result_viewer - ERROR - Failed to create comparison plots: No valid data for comparison plots
2025-03-05 23:00:30,569 - app.gui.result_viewer - ERROR - Failed to create plots: 'run_number'
2025-03-05 23:00:30,570 - app.gui.result_viewer - ERROR - Failed to update detail plots: 'run_number'
2025-03-05 23:00:30,642 - app.gui.result_viewer - ERROR - Failed to create plots: 'run_number'
2025-03-05 23:00:30,643 - app.gui.result_viewer - ERROR - Failed to create plots: 'run_number'
2025-03-05 23:00:36,989 - app.config.config_manager - INFO - Configuration saved to C:\Users\ETPau\Documents\GitHub\CNN-\app\config\defaults\defaults.yaml
2025-03-05 23:00:36,994 - app.gui.image_list_widget - INFO - Image loaded: OIP-C.jpg
2025-03-05 23:00:38,466 - app.gui.image_list_widget - INFO - Processing complete: OIP-C.jpg
2025-03-05 23:00:47,952 - app.config.config_manager - INFO - Configuration saved to C:\Users\ETPau\Documents\GitHub\CNN-\app\config\defaults\defaults.yaml
2025-03-05 23:00:47,956 - app.gui.image_list_widget - INFO - Image loaded: OIP-C.jpg
2025-03-05 23:00:47,956 - app.gui.image_list_widget - INFO - Image loaded: R-C.jpg
2025-03-05 23:00:47,956 - app.gui.image_list_widget - INFO - Image loaded: t019872959c62f44875.jpg
2025-03-05 23:00:53,625 - app.utils.batch_analyzer - INFO - Processing image: OIP-C
2025-03-05 23:00:54,855 - app.utils.batch_analyzer - INFO - Plots created in C:\Users\ETPau\Desktop\MicroAI Detect\2\results\batch\20250305_230053\plots
2025-03-05 23:00:54,904 - app.utils.batch_analyzer - INFO - Processing image: R-C
2025-03-05 23:00:56,331 - app.utils.batch_analyzer - INFO - Plots created in C:\Users\ETPau\Desktop\MicroAI Detect\2\results\batch\20250305_230053\plots
2025-03-05 23:00:56,383 - app.utils.batch_analyzer - INFO - Processing image: t019872959c62f44875
2025-03-05 23:00:57,608 - app.utils.batch_analyzer - INFO - Plots created in C:\Users\ETPau\Desktop\MicroAI Detect\2\results\batch\20250305_230053\plots
2025-03-05 23:00:57,730 - app.gui.image_list_widget - INFO - Processing complete: OIP-C.jpg
2025-03-05 23:00:57,731 - app.gui.image_list_widget - INFO - Processing complete: R-C.jpg
2025-03-05 23:00:57,731 - app.gui.image_list_widget - INFO - Processing complete: t019872959c62f44875.jpg
2025-03-05 23:01:07,005 - app.gui.image_list_widget - INFO - Processing complete: OIP-C.jpg
2025-03-05 23:01:07,005 - app.gui.image_list_widget - INFO - Processing complete: R-C.jpg
2025-03-05 23:01:07,005 - app.gui.image_list_widget - INFO - Processing complete: t019872959c62f44875.jpg
2025-03-05 23:01:14,535 - app.config.config_manager - INFO - Configuration saved to C:\Users\ETPau\Documents\GitHub\CNN-\app\config\defaults\defaults.yaml
2025-03-05 23:03:46,237 - root - INFO - Logging initialized
2025-03-05 23:03:46,240 - root - INFO - Application directories created
2025-03-05 23:03:46,281 - app.config - INFO - Using defaults configuration from: C:\Users\ETPau\Documents\GitHub\CNN-\app\config\defaults\defaults.yaml
2025-03-05 23:03:46,298 - app.config - INFO - Copied default config to: C:\Users\ETPau\Documents\GitHub\CNN-\app\config\config.yaml
2025-03-05 23:03:46,298 - root - INFO - Configuration initialized
2025-03-05 23:03:49,046 - app.utils.i18n - INFO - Loaded translations: ['en', 'zh']
2025-03-05 23:03:49,322 - app.gui.main_window - INFO - Starting in demo mode
2025-03-05 23:03:49,322 - app.models.inference - INFO - Running in demo mode - using mock predictions
2025-03-05 23:03:49,323 - app.gui.main_window - INFO - Model initialized successfully
2025-03-05 23:03:49,666 - app.config.config_manager - INFO - Configuration saved to C:\Users\ETPau\Documents\GitHub\CNN-\app\config\defaults\defaults.yaml
2025-03-05 23:03:49,670 - app.gui.image_list_widget - INFO - Image loaded: OIP-C.jpg
2025-03-05 23:03:49,670 - app.gui.image_list_widget - INFO - Image loaded: R-C.jpg
2025-03-05 23:03:49,670 - app.gui.image_list_widget - INFO - Image loaded: t019872959c62f44875.jpg
2025-03-05 23:04:16,601 - app.gui.image_list_widget - INFO - Processing complete: OIP-C.jpg
2025-03-05 23:04:16,601 - app.gui.image_list_widget - INFO - Processing complete: R-C.jpg
2025-03-05 23:04:16,602 - app.gui.image_list_widget - INFO - Processing complete: t019872959c62f44875.jpg
2025-03-05 23:04:17,260 - app.gui.result_viewer - ERROR - Failed to populate summary: No valid results to show
2025-03-05 23:04:17,263 - app.gui.result_viewer - ERROR - Failed to create comparison plots: No valid data for comparison plots
2025-03-05 23:04:17,264 - app.gui.result_viewer - ERROR - Failed to create comparison plots: No valid data for comparison plots
2025-03-05 23:04:17,463 - app.gui.result_viewer - ERROR - Failed to create plots: 'run_number'
2025-03-05 23:04:17,464 - app.gui.result_viewer - ERROR - Failed to update detail plots: 'run_number'
2025-03-05 23:04:17,532 - app.gui.result_viewer - ERROR - Failed to create plots: 'run_number'
2025-03-05 23:04:17,534 - app.gui.result_viewer - ERROR - Failed to create plots: 'run_number'
2025-03-05 23:04:20,579 - app.gui.result_viewer - ERROR - Failed to create plots: 'run_number'
2025-03-05 23:04:20,580 - app.gui.result_viewer - ERROR - Failed to update detail plots: 'run_number'
2025-03-05 23:04:22,183 - app.gui.result_viewer - ERROR - Failed to create plots: 'run_number'
2025-03-05 23:04:22,183 - app.gui.result_viewer - ERROR - Failed to update detail plots: 'run_number'
2025-03-05 23:04:27,780 - app.utils.batch_analyzer - INFO - Processing image: OIP-C
2025-03-05 23:04:29,190 - app.utils.batch_analyzer - INFO - Plots created in C:\Users\ETPau\Desktop\MicroAI Detect\2\results\batch\20250305_230427\plots
2025-03-05 23:04:29,307 - app.utils.batch_analyzer - INFO - Processing image: R-C
2025-03-05 23:04:31,541 - app.utils.batch_analyzer - INFO - Plots created in C:\Users\ETPau\Desktop\MicroAI Detect\2\results\batch\20250305_230427\plots
2025-03-05 23:04:31,599 - app.utils.batch_analyzer - INFO - Processing image: t019872959c62f44875
2025-03-05 23:04:33,806 - app.utils.batch_analyzer - INFO - Plots created in C:\Users\ETPau\Desktop\MicroAI Detect\2\results\batch\20250305_230427\plots
2025-03-05 23:04:34,226 - app.gui.image_list_widget - INFO - Processing complete: OIP-C.jpg
2025-03-05 23:04:34,226 - app.gui.image_list_widget - INFO - Processing complete: R-C.jpg
2025-03-05 23:04:34,227 - app.gui.image_list_widget - INFO - Processing complete: t019872959c62f44875.jpg
2025-03-05 23:04:56,212 - app.config.config_manager - INFO - Configuration saved to C:\Users\ETPau\Documents\GitHub\CNN-\app\config\defaults\defaults.yaml
2025-03-05 23:04:56,250 - app.gui.image_list_widget - INFO - Image loaded: OIP-C.jpg
2025-03-05 23:04:58,257 - app.utils.batch_analyzer - INFO - Processing image: OIP-C
2025-03-05 23:04:59,831 - app.utils.batch_analyzer - INFO - Plots created in C:\Users\ETPau\Desktop\MicroAI Detect\1\results\batch\20250305_230458\plots
2025-03-05 23:04:59,942 - app.gui.image_list_widget - INFO - Processing complete: OIP-C.jpg
2025-03-05 23:05:06,392 - app.gui.image_list_widget - INFO - Processing complete: OIP-C.jpg
2025-03-05 23:05:11,788 - app.config.config_manager - INFO - Configuration saved to C:\Users\ETPau\Documents\GitHub\CNN-\app\config\defaults\defaults.yaml
2025-03-05 23:11:47,224 - root - INFO - Logging initialized
2025-03-05 23:11:47,226 - root - INFO - Application directories created
2025-03-05 23:11:47,267 - app.config - INFO - Using defaults configuration from: C:\Users\ETPau\Documents\GitHub\CNN-\app\config\defaults\defaults.yaml
2025-03-05 23:11:47,282 - app.config - INFO - Copied default config to: C:\Users\ETPau\Documents\GitHub\CNN-\app\config\config.yaml
2025-03-05 23:11:47,283 - root - INFO - Configuration initialized
2025-03-05 23:11:50,002 - app.utils.i18n - INFO - Loaded translations: ['en', 'zh']
2025-03-05 23:11:50,270 - app.gui.main_window - INFO - Starting in demo mode
2025-03-05 23:11:50,271 - app.models.inference - INFO - Running in demo mode - using mock predictions
2025-03-05 23:11:50,271 - app.gui.main_window - INFO - Model initialized successfully
2025-03-05 23:11:50,562 - app.config.config_manager - INFO - Configuration saved to C:\Users\ETPau\Documents\GitHub\CNN-\app\config\defaults\defaults.yaml
2025-03-05 23:11:50,565 - app.gui.image_list_widget - INFO - Image loaded: OIP-C.jpg
2025-03-05 23:11:53,181 - app.gui.image_list_widget - INFO - Processing complete: OIP-C.jpg
2025-03-05 23:11:57,402 - app.utils.batch_analyzer - INFO - Processing image: OIP-C
2025-03-05 23:11:58,762 - app.utils.batch_analyzer - INFO - Plots created in C:\Users\ETPau\Desktop\MicroAI Detect\1\results\batch\20250305_231157\plots
2025-03-05 23:11:58,874 - app.gui.image_list_widget - INFO - Processing complete: OIP-C.jpg
2025-03-05 23:12:07,260 - app.config.config_manager - INFO - Configuration saved to C:\Users\ETPau\Documents\GitHub\CNN-\app\config\defaults\defaults.yaml
2025-03-05 23:12:07,261 - app.gui.image_list_widget - INFO - Image loaded: OIP-C.jpg
2025-03-05 23:12:07,266 - app.gui.image_list_widget - INFO - Image loaded: R-C.jpg
2025-03-05 23:12:07,266 - app.gui.image_list_widget - INFO - Image loaded: t019872959c62f44875.jpg
2025-03-05 23:12:23,772 - app.utils.batch_analyzer - INFO - Processing image: OIP-C
2025-03-05 23:12:25,064 - app.utils.batch_analyzer - INFO - Plots created in C:\Users\ETPau\Desktop\MicroAI Detect\2\results\batch\20250305_231223\plots
2025-03-05 23:12:25,123 - app.utils.batch_analyzer - INFO - Processing image: R-C
2025-03-05 23:12:26,498 - app.utils.batch_analyzer - INFO - Plots created in C:\Users\ETPau\Desktop\MicroAI Detect\2\results\batch\20250305_231223\plots
2025-03-05 23:12:26,538 - app.utils.batch_analyzer - INFO - Processing image: t019872959c62f44875
2025-03-05 23:12:27,799 - app.utils.batch_analyzer - INFO - Plots created in C:\Users\ETPau\Desktop\MicroAI Detect\2\results\batch\20250305_231223\plots
2025-03-05 23:12:27,921 - app.gui.image_list_widget - INFO - Processing complete: OIP-C.jpg
2025-03-05 23:12:27,922 - app.gui.image_list_widget - INFO - Processing complete: R-C.jpg
2025-03-05 23:12:27,922 - app.gui.image_list_widget - INFO - Processing complete: t019872959c62f44875.jpg
2025-03-05 23:12:29,717 - app.gui.result_viewer - ERROR - Failed to create comparison plots: name 'ax2_cv' is not defined
2025-03-05 23:12:29,718 - app.gui.result_viewer - ERROR - Failed to create comparison plots: name 'ax2_cv' is not defined
2025-03-05 23:13:54,137 - app.gui.image_list_widget - INFO - Processing complete: OIP-C.jpg
2025-03-05 23:13:54,137 - app.gui.image_list_widget - INFO - Processing complete: R-C.jpg
2025-03-05 23:13:54,138 - app.gui.image_list_widget - INFO - Processing complete: t019872959c62f44875.jpg
2025-03-05 23:13:54,954 - app.gui.result_viewer - ERROR - Failed to populate summary: No valid results to show
2025-03-05 23:13:54,955 - app.gui.result_viewer - ERROR - Failed to create comparison plots: name 'ax2_cv' is not defined
2025-03-05 23:13:54,956 - app.gui.result_viewer - ERROR - Failed to create comparison plots: name 'ax2_cv' is not defined
2025-03-05 23:14:03,103 - app.config.config_manager - INFO - Configuration saved to C:\Users\ETPau\Documents\GitHub\CNN-\app\config\defaults\defaults.yaml
2025-03-05 23:25:02,665 - root - INFO - Logging initialized
2025-03-05 23:25:02,668 - root - INFO - Application directories created
2025-03-05 23:25:02,734 - app.config - INFO - Using defaults configuration from: C:\Users\ETPau\Documents\GitHub\CNN-\app\config\defaults\defaults.yaml
2025-03-05 23:25:02,763 - app.config - INFO - Copied default config to: C:\Users\ETPau\Documents\GitHub\CNN-\app\config\config.yaml
2025-03-05 23:25:02,764 - root - INFO - Configuration initialized
2025-03-05 23:25:06,560 - app.utils.i18n - INFO - Loaded translations: ['en', 'zh']
2025-03-05 23:25:07,023 - app.gui.main_window - INFO - Starting in demo mode
2025-03-05 23:25:07,024 - app.models.inference - INFO - Running in demo mode - using mock predictions
2025-03-05 23:25:07,024 - app.gui.main_window - INFO - Model initialized successfully
2025-03-05 23:25:07,276 - app.config.config_manager - INFO - Configuration saved to C:\Users\ETPau\Documents\GitHub\CNN-\app\config\defaults\defaults.yaml
2025-03-05 23:25:07,278 - app.gui.image_list_widget - INFO - Image loaded: OIP-C.jpg
2025-03-05 23:25:07,279 - app.gui.image_list_widget - INFO - Image loaded: R-C.jpg
2025-03-05 23:25:07,279 - app.gui.image_list_widget - INFO - Image loaded: t019872959c62f44875.jpg
2025-03-05 23:25:40,095 - app.gui.image_list_widget - INFO - Processing complete: OIP-C.jpg
2025-03-05 23:25:40,095 - app.gui.image_list_widget - INFO - Processing complete: R-C.jpg
2025-03-05 23:25:40,096 - app.gui.image_list_widget - INFO - Processing complete: t019872959c62f44875.jpg
2025-03-05 23:25:41,086 - app.gui.result_viewer - ERROR - Failed to populate summary: No valid results to show
2025-03-05 23:25:41,093 - app.gui.result_viewer - ERROR - Failed to create comparison plots: No valid results to show
2025-03-05 23:25:41,093 - app.gui.result_viewer - ERROR - Failed to create comparison plots: No valid results to show
2025-03-05 23:25:49,100 - app.utils.batch_analyzer - INFO - Processing image: OIP-C
2025-03-05 23:25:50,837 - app.utils.batch_analyzer - INFO - Plots created in C:\Users\ETPau\Desktop\MicroAI Detect\2\results\batch\20250305_232549\plots
2025-03-05 23:25:51,003 - app.utils.batch_analyzer - INFO - Processing image: R-C
2025-03-05 23:25:52,502 - app.utils.batch_analyzer - INFO - Plots created in C:\Users\ETPau\Desktop\MicroAI Detect\2\results\batch\20250305_232549\plots
2025-03-05 23:25:52,553 - app.utils.batch_analyzer - INFO - Processing image: t019872959c62f44875
2025-03-05 23:25:53,772 - app.utils.batch_analyzer - INFO - Plots created in C:\Users\ETPau\Desktop\MicroAI Detect\2\results\batch\20250305_232549\plots
2025-03-05 23:25:53,903 - app.gui.image_list_widget - INFO - Processing complete: OIP-C.jpg
2025-03-05 23:25:53,903 - app.gui.image_list_widget - INFO - Processing complete: R-C.jpg
2025-03-05 23:25:53,903 - app.gui.image_list_widget - INFO - Processing complete: t019872959c62f44875.jpg
2025-03-05 23:26:10,488 - app.config.config_manager - INFO - Configuration saved to C:\Users\ETPau\Documents\GitHub\CNN-\app\config\defaults\defaults.yaml
2025-03-05 23:26:10,492 - app.gui.image_list_widget - INFO - Image loaded: OIP-C.jpg
2025-03-05 23:26:13,302 - app.utils.batch_analyzer - INFO - Processing image: OIP-C
2025-03-05 23:26:14,507 - app.utils.batch_analyzer - INFO - Plots created in C:\Users\ETPau\Desktop\MicroAI Detect\1\results\batch\20250305_232613\plots
2025-03-05 23:26:14,546 - app.gui.image_list_widget - INFO - Processing complete: OIP-C.jpg
2025-03-05 23:26:21,342 - app.utils.batch_analyzer - INFO - Processing image: OIP-C
2025-03-05 23:26:22,762 - app.utils.batch_analyzer - INFO - Plots created in C:\Users\ETPau\Desktop\MicroAI Detect\1\results\batch\20250305_232621\plots
2025-03-05 23:26:22,808 - app.gui.image_list_widget - INFO - Processing complete: OIP-C.jpg
2025-03-05 23:26:34,296 - app.gui.image_list_widget - INFO - Processing complete: OIP-C.jpg
2025-03-05 23:26:44,198 - app.utils.i18n - INFO - Language changed to en
2025-03-05 23:26:44,203 - app.config.config_manager - INFO - Configuration saved to C:\Users\ETPau\Documents\GitHub\CNN-\app\config\defaults\defaults.yaml
2025-03-05 23:26:48,038 - app.utils.i18n - INFO - Language changed to zh
2025-03-05 23:26:48,043 - app.config.config_manager - INFO - Configuration saved to C:\Users\ETPau\Documents\GitHub\CNN-\app\config\defaults\defaults.yaml
2025-03-05 23:26:50,378 - app.config.config_manager - INFO - Configuration saved to C:\Users\ETPau\Documents\GitHub\CNN-\app\config\defaults\defaults.yaml
2025-03-05 23:26:54,212 - app.gui.image_list_widget - INFO - Processing complete: OIP-C.jpg
2025-03-05 23:26:59,957 - app.utils.batch_analyzer - INFO - Processing image: OIP-C
2025-03-05 23:27:01,188 - app.utils.batch_analyzer - INFO - Plots created in C:\Users\ETPau\Desktop\MicroAI Detect\1\results\batch\20250305_232659\plots
2025-03-05 23:27:01,228 - app.gui.image_list_widget - INFO - Processing complete: OIP-C.jpg
2025-03-05 23:27:16,247 - app.config.config_manager - INFO - Configuration saved to C:\Users\ETPau\Documents\GitHub\CNN-\app\config\defaults\defaults.yaml
2025-03-05 23:27:16,251 - app.gui.image_list_widget - INFO - Image loaded: OIP-C.jpg
2025-03-05 23:27:16,252 - app.gui.image_list_widget - INFO - Image loaded: R-C.jpg
2025-03-05 23:27:16,252 - app.gui.image_list_widget - INFO - Image loaded: t019872959c62f44875.jpg
2025-03-05 23:27:18,409 - app.utils.batch_analyzer - INFO - Processing image: OIP-C
2025-03-05 23:27:20,116 - app.utils.batch_analyzer - INFO - Plots created in C:\Users\ETPau\Desktop\MicroAI Detect\2\results\batch\20250305_232718\plots
2025-03-05 23:27:20,175 - app.utils.batch_analyzer - INFO - Processing image: R-C
2025-03-05 23:27:21,851 - app.utils.batch_analyzer - INFO - Plots created in C:\Users\ETPau\Desktop\MicroAI Detect\2\results\batch\20250305_232718\plots
2025-03-05 23:27:21,917 - app.utils.batch_analyzer - INFO - Processing image: t019872959c62f44875
2025-03-05 23:27:23,220 - app.utils.batch_analyzer - INFO - Plots created in C:\Users\ETPau\Desktop\MicroAI Detect\2\results\batch\20250305_232718\plots
2025-03-05 23:27:23,339 - app.gui.image_list_widget - INFO - Processing complete: OIP-C.jpg
2025-03-05 23:27:23,340 - app.gui.image_list_widget - INFO - Processing complete: R-C.jpg
2025-03-05 23:27:23,340 - app.gui.image_list_widget - INFO - Processing complete: t019872959c62f44875.jpg
2025-03-05 23:27:48,589 - app.gui.image_list_widget - INFO - Processing complete: OIP-C.jpg
2025-03-05 23:27:48,590 - app.gui.image_list_widget - INFO - Processing complete: R-C.jpg
2025-03-05 23:27:48,590 - app.gui.image_list_widget - INFO - Processing complete: t019872959c62f44875.jpg
2025-03-05 23:27:49,551 - app.gui.result_viewer - ERROR - Failed to populate summary: No valid results to show
2025-03-05 23:27:49,552 - app.gui.result_viewer - ERROR - Failed to create comparison plots: No valid results to show
2025-03-05 23:27:49,553 - app.gui.result_viewer - ERROR - Failed to create comparison plots: No valid results to show
2025-03-05 23:27:55,125 - app.config.config_manager - INFO - Configuration saved to C:\Users\ETPau\Documents\GitHub\CNN-\app\config\defaults\defaults.yaml
2025-03-05 23:33:23,053 - root - INFO - Logging initialized
2025-03-05 23:33:23,071 - root - INFO - Application directories created
2025-03-05 23:33:23,168 - app.config - INFO - Using defaults configuration from: C:\Users\ETPau\Documents\GitHub\CNN-\app\config\defaults\defaults.yaml
2025-03-05 23:33:23,216 - app.config - INFO - Copied default config to: C:\Users\ETPau\Documents\GitHub\CNN-\app\config\config.yaml
2025-03-05 23:33:23,216 - root - INFO - Configuration initialized
2025-03-05 23:33:28,689 - app.utils.i18n - INFO - Loaded translations: ['en', 'zh']
2025-03-05 23:33:29,312 - app.gui.main_window - INFO - Starting in demo mode
2025-03-05 23:33:29,313 - app.models.inference - INFO - Running in demo mode - using mock predictions
2025-03-05 23:33:29,313 - app.gui.main_window - INFO - Model initialized successfully
2025-03-05 23:33:30,222 - app.config.config_manager - INFO - Configuration saved to C:\Users\ETPau\Documents\GitHub\CNN-\app\config\defaults\defaults.yaml
2025-03-05 23:33:30,226 - app.gui.image_list_widget - INFO - Image loaded: OIP-C.jpg
2025-03-05 23:33:30,227 - app.gui.image_list_widget - INFO - Image loaded: R-C.jpg
2025-03-05 23:33:30,227 - app.gui.image_list_widget - INFO - Image loaded: t019872959c62f44875.jpg
2025-03-05 23:33:35,152 - app.gui.image_list_widget - INFO - Processing complete: OIP-C.jpg
2025-03-05 23:33:35,154 - app.gui.image_list_widget - INFO - Processing complete: R-C.jpg
2025-03-05 23:33:35,155 - app.gui.image_list_widget - INFO - Processing complete: t019872959c62f44875.jpg
2025-03-05 23:33:35,761 - app.gui.result_viewer - ERROR - Failed to populate summary: No valid results to show
2025-03-05 23:33:35,767 - app.gui.result_viewer - ERROR - Failed to create comparison plots: No valid results to show
2025-03-05 23:33:35,767 - app.gui.result_viewer - ERROR - Failed to create comparison plots: No valid results to show
2025-03-05 23:33:45,133 - app.utils.batch_analyzer - INFO - Processing image: OIP-C
2025-03-05 23:33:47,949 - app.utils.batch_analyzer - INFO - Plots created in C:\Users\ETPau\Desktop\MicroAI Detect\2\results\batch\20250305_233345\plots
2025-03-05 23:33:48,193 - app.utils.batch_analyzer - INFO - Processing image: R-C
2025-03-05 23:33:50,793 - app.utils.batch_analyzer - INFO - Plots created in C:\Users\ETPau\Desktop\MicroAI Detect\2\results\batch\20250305_233345\plots
2025-03-05 23:33:50,901 - app.utils.batch_analyzer - INFO - Processing image: t019872959c62f44875
2025-03-05 23:33:53,540 - app.utils.batch_analyzer - INFO - Plots created in C:\Users\ETPau\Desktop\MicroAI Detect\2\results\batch\20250305_233345\plots
2025-03-05 23:33:53,806 - app.gui.image_list_widget - INFO - Processing complete: OIP-C.jpg
2025-03-05 23:33:53,807 - app.gui.image_list_widget - INFO - Processing complete: R-C.jpg
2025-03-05 23:33:53,807 - app.gui.image_list_widget - INFO - Processing complete: t019872959c62f44875.jpg
2025-03-05 23:34:12,238 - app.config.config_manager - INFO - Configuration saved to C:\Users\ETPau\Documents\GitHub\CNN-\app\config\defaults\defaults.yaml
2025-03-05 23:34:12,246 - app.gui.image_list_widget - INFO - Image loaded: OIP-C.jpg
2025-03-05 23:34:13,654 - app.utils.batch_analyzer - INFO - Processing image: OIP-C
2025-03-05 23:34:16,377 - app.utils.batch_analyzer - INFO - Plots created in C:\Users\ETPau\Desktop\MicroAI Detect\1\results\batch\20250305_233413\plots
2025-03-05 23:34:16,508 - app.gui.image_list_widget - INFO - Processing complete: OIP-C.jpg
2025-03-05 23:34:21,392 - app.utils.batch_analyzer - INFO - Processing image: OIP-C
2025-03-05 23:34:24,060 - app.utils.batch_analyzer - INFO - Plots created in C:\Users\ETPau\Desktop\MicroAI Detect\1\results\batch\20250305_233421\plots
2025-03-05 23:34:24,167 - app.gui.image_list_widget - INFO - Processing complete: OIP-C.jpg
2025-03-05 23:34:30,054 - app.gui.image_list_widget - INFO - Processing complete: OIP-C.jpg
2025-03-05 23:34:39,796 - app.config.config_manager - INFO - Configuration saved to C:\Users\ETPau\Documents\GitHub\CNN-\app\config\defaults\defaults.yaml
2025-03-05 23:34:39,801 - app.gui.image_list_widget - INFO - Image loaded: OIP-C.jpg
2025-03-05 23:34:39,802 - app.gui.image_list_widget - INFO - Image loaded: R-C.jpg
2025-03-05 23:34:39,803 - app.gui.image_list_widget - INFO - Image loaded: t019872959c62f44875.jpg
2025-03-05 23:34:41,748 - app.gui.image_list_widget - INFO - Processing complete: OIP-C.jpg
2025-03-05 23:34:41,749 - app.gui.image_list_widget - INFO - Processing complete: R-C.jpg
2025-03-05 23:34:41,749 - app.gui.image_list_widget - INFO - Processing complete: t019872959c62f44875.jpg
2025-03-05 23:34:42,295 - app.gui.result_viewer - ERROR - Failed to populate summary: No valid results to show
2025-03-05 23:34:42,296 - app.gui.result_viewer - ERROR - Failed to create comparison plots: No valid results to show
2025-03-05 23:34:42,297 - app.gui.result_viewer - ERROR - Failed to create comparison plots: No valid results to show
2025-03-05 23:34:52,430 - app.config.config_manager - INFO - Configuration saved to C:\Users\ETPau\Documents\GitHub\CNN-\app\config\defaults\defaults.yaml
2025-03-05 23:37:48,651 - root - INFO - Logging initialized
2025-03-05 23:37:48,658 - root - INFO - Application directories created
2025-03-05 23:37:48,769 - app.config - INFO - Using defaults configuration from: C:\Users\ETPau\Documents\GitHub\CNN-\app\config\defaults\defaults.yaml
2025-03-05 23:37:48,820 - app.config - INFO - Copied default config to: C:\Users\ETPau\Documents\GitHub\CNN-\app\config\config.yaml
2025-03-05 23:37:48,820 - root - INFO - Configuration initialized
2025-03-05 23:37:56,026 - app.utils.i18n - INFO - Loaded translations: ['en', 'zh']
2025-03-05 23:37:56,869 - app.gui.main_window - INFO - Starting in demo mode
2025-03-05 23:37:56,870 - app.models.inference - INFO - Running in demo mode - using mock predictions
2025-03-05 23:37:56,870 - app.gui.main_window - INFO - Model initialized successfully
2025-03-05 23:37:57,522 - app.config.config_manager - INFO - Configuration saved to C:\Users\ETPau\Documents\GitHub\CNN-\app\config\defaults\defaults.yaml
2025-03-05 23:37:57,528 - app.gui.image_list_widget - INFO - Image loaded: OIP-C.jpg
2025-03-05 23:37:57,529 - app.gui.image_list_widget - INFO - Image loaded: R-C.jpg
2025-03-05 23:37:57,530 - app.gui.image_list_widget - INFO - Image loaded: t019872959c62f44875.jpg
2025-03-05 23:38:01,966 - app.gui.image_list_widget - INFO - Processing complete: OIP-C.jpg
2025-03-05 23:38:01,967 - app.gui.image_list_widget - INFO - Processing complete: R-C.jpg
2025-03-05 23:38:01,968 - app.gui.image_list_widget - INFO - Processing complete: t019872959c62f44875.jpg
2025-03-05 23:38:02,550 - app.gui.result_viewer - ERROR - Failed to populate summary: No valid results to show
2025-03-05 23:38:02,554 - app.gui.result_viewer - ERROR - Failed to create comparison plots: No valid results to show
2025-03-05 23:38:02,555 - app.gui.result_viewer - ERROR - Failed to create comparison plots: No valid results to show
2025-03-05 23:38:02,573 - app.gui.result_viewer - ERROR - Failed to update details: cannot access local variable 'row' where it is not associated with a value
2025-03-05 23:38:02,577 - app.gui.result_viewer - ERROR - Failed to create plots: cannot access local variable 'font_config' where it is not associated with a value
2025-03-05 23:38:02,578 - app.gui.result_viewer - ERROR - Failed to create plots: cannot access local variable 'font_config' where it is not associated with a value
2025-03-05 23:38:09,103 - app.gui.result_viewer - ERROR - Failed to update details: cannot access local variable 'row' where it is not associated with a value
2025-03-05 23:38:09,936 - app.gui.result_viewer - ERROR - Failed to update details: cannot access local variable 'row' where it is not associated with a value
2025-03-05 23:38:11,073 - app.gui.result_viewer - ERROR - Failed to update details: cannot access local variable 'row' where it is not associated with a value
2025-03-05 23:38:16,689 - app.utils.batch_analyzer - INFO - Processing image: OIP-C
2025-03-05 23:38:19,549 - app.utils.batch_analyzer - INFO - Plots created in C:\Users\ETPau\Desktop\MicroAI Detect\2\results\batch\20250305_233816\plots
2025-03-05 23:38:19,784 - app.utils.batch_analyzer - INFO - Processing image: R-C
2025-03-05 23:38:22,444 - app.utils.batch_analyzer - INFO - Plots created in C:\Users\ETPau\Desktop\MicroAI Detect\2\results\batch\20250305_233816\plots
2025-03-05 23:38:22,552 - app.utils.batch_analyzer - INFO - Processing image: t019872959c62f44875
2025-03-05 23:38:25,042 - app.utils.batch_analyzer - INFO - Plots created in C:\Users\ETPau\Desktop\MicroAI Detect\2\results\batch\20250305_233816\plots
2025-03-05 23:38:25,313 - app.gui.image_list_widget - INFO - Processing complete: OIP-C.jpg
2025-03-05 23:38:25,314 - app.gui.image_list_widget - INFO - Processing complete: R-C.jpg
2025-03-05 23:38:25,315 - app.gui.image_list_widget - INFO - Processing complete: t019872959c62f44875.jpg
2025-03-05 23:38:27,230 - app.gui.result_viewer - ERROR - Failed to create comparison plots: cannot access local variable 'font_config' where it is not associated with a value
2025-03-05 23:38:27,231 - app.gui.result_viewer - ERROR - Failed to create comparison plots: cannot access local variable 'font_config' where it is not associated with a value
2025-03-05 23:38:27,245 - app.gui.result_viewer - ERROR - Failed to update details: cannot access local variable 'row' where it is not associated with a value
2025-03-05 23:38:27,247 - app.gui.result_viewer - ERROR - Failed to create plots: cannot access local variable 'font_config' where it is not associated with a value
2025-03-05 23:38:27,249 - app.gui.result_viewer - ERROR - Failed to create plots: cannot access local variable 'font_config' where it is not associated with a value
2025-03-05 23:38:39,634 - app.config.config_manager - INFO - Configuration saved to C:\Users\ETPau\Documents\GitHub\CNN-\app\config\defaults\defaults.yaml
2025-03-05 23:42:37,777 - root - INFO - Logging initialized
2025-03-05 23:42:37,796 - root - INFO - Application directories created
2025-03-05 23:42:37,892 - app.config - INFO - Using defaults configuration from: C:\Users\ETPau\Documents\GitHub\CNN-\app\config\defaults\defaults.yaml
2025-03-05 23:42:37,939 - app.config - INFO - Copied default config to: C:\Users\ETPau\Documents\GitHub\CNN-\app\config\config.yaml
2025-03-05 23:42:37,941 - root - INFO - Configuration initialized
2025-03-05 23:42:43,758 - app.utils.i18n - INFO - Loaded translations: ['en', 'zh']
2025-03-05 23:42:44,482 - app.gui.main_window - INFO - Starting in demo mode
2025-03-05 23:42:44,483 - app.models.inference - INFO - Running in demo mode - using mock predictions
2025-03-05 23:42:44,483 - app.gui.main_window - INFO - Model initialized successfully
2025-03-05 23:42:45,210 - app.config.config_manager - INFO - Configuration saved to C:\Users\ETPau\Documents\GitHub\CNN-\app\config\defaults\defaults.yaml
2025-03-05 23:42:45,216 - app.gui.image_list_widget - INFO - Image loaded: OIP-C.jpg
2025-03-05 23:42:45,216 - app.gui.image_list_widget - INFO - Image loaded: R-C.jpg
2025-03-05 23:42:45,217 - app.gui.image_list_widget - INFO - Image loaded: t019872959c62f44875.jpg
2025-03-05 23:42:49,063 - app.gui.image_list_widget - INFO - Processing complete: OIP-C.jpg
2025-03-05 23:42:49,064 - app.gui.image_list_widget - INFO - Processing complete: R-C.jpg
2025-03-05 23:42:49,064 - app.gui.image_list_widget - INFO - Processing complete: t019872959c62f44875.jpg
2025-03-05 23:42:49,620 - app.gui.result_viewer - ERROR - Failed to populate summary: No valid results to show
2025-03-05 23:42:49,624 - app.gui.result_viewer - ERROR - Failed to create comparison plots: No valid results to show
2025-03-05 23:42:49,625 - app.gui.result_viewer - ERROR - Failed to create comparison plots: No valid results to show
2025-03-05 23:43:03,325 - app.config.config_manager - INFO - Configuration saved to C:\Users\ETPau\Documents\GitHub\CNN-\app\config\defaults\defaults.yaml
