2025-03-31 09:42:52,849 - root - INFO - Logging initialized
2025-03-31 09:42:52,852 - root - INFO - Application directories created
2025-03-31 09:42:52,857 - root - ERROR - Failed to initialize application: cannot import name 'config' from 'app_pyside6.config' (unknown location)
2025-03-31 09:42:52,858 - root - ERROR - Application failed to start: Failed to initialize application: cannot import name 'config' from 'app_pyside6.config' (unknown location)
2025-03-31 09:46:56,035 - root - INFO - Logging initialized
2025-03-31 09:46:56,036 - root - INFO - Application directories created
2025-03-31 09:46:56,083 - root - INFO - Configuration initialized
2025-03-31 09:46:56,084 - root - ERROR - Failed to initialize application: No module named 'app_pyside6.gui.main_window'
2025-03-31 09:46:56,085 - root - ERROR - Application failed to start: Failed to initialize application: No module named 'app_pyside6.gui.main_window'
2025-03-31 09:48:10,433 - root - INFO - Logging initialized
2025-03-31 09:48:10,439 - root - INFO - Application directories created
2025-03-31 09:48:10,484 - root - INFO - Configuration initialized
2025-03-31 09:51:09,056 - root - INFO - Logging initialized
2025-03-31 09:51:09,058 - root - INFO - Application directories created
2025-03-31 09:51:09,087 - root - INFO - Configuration initialized
2025-03-31 09:51:09,120 - root - ERROR - Failed to initialize application: cannot import name 'QFileSystemModel' from 'PySide6.QtGui' (C:\Users\韩涛\AppData\Local\Programs\Python\Python311\Lib\site-packages\PySide6\QtGui.pyd)
2025-03-31 09:51:09,121 - root - ERROR - Application failed to start: Failed to initialize application: cannot import name 'QFileSystemModel' from 'PySide6.QtGui' (C:\Users\韩涛\AppData\Local\Programs\Python\Python311\Lib\site-packages\PySide6\QtGui.pyd)
2025-03-31 09:52:25,095 - root - INFO - Logging initialized
2025-03-31 09:52:25,098 - root - INFO - Application directories created
2025-03-31 09:52:25,119 - root - INFO - Configuration initialized
