2025-03-12 19:47:49,393 - __main__ - INFO - Starting test script...
2025-03-12 19:47:49,394 - __main__ - INFO - Current directory: C:\Users\ETPau\Documents\GitHub\CNN-MicroAI-Colony\faster_rcnn_resnet50
2025-03-12 19:47:49,394 - __main__ - INFO - Python path: ['C:\\Users\\ETPau\\Documents\\GitHub\\CNN-MicroAI-Colony\\faster_rcnn_resnet50', 'C:\\Users\\ETPau\\AppData\\Local\\Programs\\Python\\Python311\\python311.zip', 'C:\\Users\\ETPau\\AppData\\Local\\Programs\\Python\\Python311\\DLLs', 'C:\\Users\\ETPau\\AppData\\Local\\Programs\\Python\\Python311\\Lib', 'C:\\Users\\ETPau\\AppData\\Local\\Programs\\Python\\Python311', 'C:\\Users\\ETPau\\Documents\\GitHub\\CNN-MicroAI-Colony\\.venv', 'C:\\Users\\ETPau\\Documents\\GitHub\\CNN-MicroAI-Colony\\.venv\\Lib\\site-packages', 'C:\\Users\\ETPau\\Documents\\GitHub\\CNN-MicroAI-Colony']
2025-03-12 19:47:49,395 - __main__ - INFO - Testing colony detection...
2025-03-12 19:47:49,395 - __main__ - INFO - Creating mock checkpoint...
2025-03-12 19:47:49,395 - __main__ - DEBUG - Base directory: C:\Users\ETPau\Documents\GitHub\CNN-MicroAI-Colony\faster_rcnn_resnet50
2025-03-12 19:47:49,395 - __main__ - DEBUG - Checkpoint directory: C:\Users\ETPau\Documents\GitHub\CNN-MicroAI-Colony\faster_rcnn_resnet50\checkpoints
2025-03-12 19:47:49,395 - __main__ - DEBUG - Checkpoint path: C:\Users\ETPau\Documents\GitHub\CNN-MicroAI-Colony\faster_rcnn_resnet50\checkpoints\checkpoint_epoch_31.pth
2025-03-12 19:47:49,395 - __main__ - INFO - Creating mock checkpoint...
2025-03-12 19:47:49,397 - __main__ - DEBUG - Base directory: C:\Users\ETPau\Documents\GitHub\CNN-MicroAI-Colony\faster_rcnn_resnet50
2025-03-12 19:47:49,397 - __main__ - DEBUG - Checkpoint directory: C:\Users\ETPau\Documents\GitHub\CNN-MicroAI-Colony\faster_rcnn_resnet50\checkpoints
2025-03-12 19:47:49,397 - __main__ - DEBUG - Checkpoint path: C:\Users\ETPau\Documents\GitHub\CNN-MicroAI-Colony\faster_rcnn_resnet50\checkpoints\checkpoint_epoch_31.pth
2025-03-12 19:47:49,648 - __main__ - INFO - Mock checkpoint saved to: C:\Users\ETPau\Documents\GitHub\CNN-MicroAI-Colony\faster_rcnn_resnet50\checkpoints\checkpoint_epoch_31.pth
2025-03-12 19:47:49,648 - __main__ - INFO - Inspecting checkpoint...
2025-03-12 19:47:49,649 - __main__ - INFO - Checkpoint path: C:\Users\ETPau\Documents\GitHub\CNN-MicroAI-Colony\faster_rcnn_resnet50\checkpoints\checkpoint_epoch_31.pth
2025-03-12 19:47:49,650 - __main__ - INFO - File exists: True
2025-03-12 19:47:49,650 - __main__ - INFO - File size: 60980681 bytes
2025-03-12 19:47:49,651 - __main__ - INFO - Loading checkpoint...
2025-03-12 19:47:49,694 - __main__ - INFO - Checkpoint is a dictionary
2025-03-12 19:47:49,694 - __main__ - DEBUG - Checkpoint keys: ['backbone.body.conv1.weight', 'backbone.body.bn1.weight', 'backbone.body.bn1.bias', 'backbone.body.bn1.running_mean', 'backbone.body.bn1.running_var', 'backbone.body.layer1.0.conv1.weight', 'backbone.body.layer1.0.bn1.weight', 'backbone.body.layer1.0.bn1.bias', 'backbone.body.layer1.0.bn1.running_mean', 'backbone.body.layer1.0.bn1.running_var', 'backbone.body.layer1.0.conv2.weight', 'backbone.body.layer1.0.bn2.weight', 'backbone.body.layer1.0.bn2.bias', 'backbone.body.layer1.0.bn2.running_mean', 'backbone.body.layer1.0.bn2.running_var', 'backbone.body.layer1.0.conv3.weight', 'backbone.body.layer1.0.bn3.weight', 'backbone.body.layer1.0.bn3.bias', 'backbone.body.layer1.0.bn3.running_mean', 'backbone.body.layer1.0.bn3.running_var', 'backbone.body.layer1.0.downsample.0.weight', 'backbone.body.layer1.0.downsample.1.weight', 'backbone.body.layer1.0.downsample.1.bias', 'backbone.body.layer1.0.downsample.1.running_mean', 'backbone.body.layer1.0.downsample.1.running_var', 'backbone.fpn.inner_blocks.0.0.weight', 'backbone.fpn.inner_blocks.0.0.bias', 'backbone.fpn.layer_blocks.0.0.weight', 'backbone.fpn.layer_blocks.0.0.bias', 'rpn.head.conv.0.0.weight', 'rpn.head.conv.0.0.bias', 'rpn.head.cls_logits.weight', 'rpn.head.cls_logits.bias', 'rpn.head.bbox_pred.weight', 'rpn.head.bbox_pred.bias', 'roi_heads.box_head.fc6.weight', 'roi_heads.box_head.fc6.bias', 'roi_heads.box_head.fc7.weight', 'roi_heads.box_head.fc7.bias', 'roi_heads.box_predictor.cls_score.weight', 'roi_heads.box_predictor.cls_score.bias', 'roi_heads.box_predictor.bbox_pred.weight', 'roi_heads.box_predictor.bbox_pred.bias']
2025-03-12 19:47:49,694 - __main__ - DEBUG - Key: backbone.body.conv1.weight
2025-03-12 19:47:49,695 - __main__ - DEBUG - Shape: torch.Size([64, 3, 7, 7])
2025-03-12 19:47:49,695 - __main__ - DEBUG - Type: torch.float32
2025-03-12 19:47:49,695 - __main__ - DEBUG - Key: backbone.body.bn1.weight
2025-03-12 19:47:49,695 - __main__ - DEBUG - Shape: torch.Size([64])
2025-03-12 19:47:49,695 - __main__ - DEBUG - Type: torch.float32
2025-03-12 19:47:49,696 - __main__ - DEBUG - Key: backbone.body.bn1.bias
2025-03-12 19:47:49,696 - __main__ - DEBUG - Shape: torch.Size([64])
2025-03-12 19:47:49,696 - __main__ - DEBUG - Type: torch.float32
2025-03-12 19:47:49,696 - __main__ - DEBUG - Key: backbone.body.bn1.running_mean
2025-03-12 19:47:49,696 - __main__ - DEBUG - Shape: torch.Size([64])
2025-03-12 19:47:49,696 - __main__ - DEBUG - Type: torch.float32
2025-03-12 19:47:49,696 - __main__ - DEBUG - Key: backbone.body.bn1.running_var
2025-03-12 19:47:49,696 - __main__ - DEBUG - Shape: torch.Size([64])
2025-03-12 19:47:49,696 - __main__ - DEBUG - Type: torch.float32
2025-03-12 19:47:49,696 - __main__ - DEBUG - Key: backbone.body.layer1.0.conv1.weight
2025-03-12 19:47:49,696 - __main__ - DEBUG - Shape: torch.Size([64, 64, 1, 1])
2025-03-12 19:47:49,696 - __main__ - DEBUG - Type: torch.float32
2025-03-12 19:47:49,696 - __main__ - DEBUG - Key: backbone.body.layer1.0.bn1.weight
2025-03-12 19:47:49,696 - __main__ - DEBUG - Shape: torch.Size([64])
2025-03-12 19:47:49,696 - __main__ - DEBUG - Type: torch.float32
2025-03-12 19:47:49,696 - __main__ - DEBUG - Key: backbone.body.layer1.0.bn1.bias
2025-03-12 19:47:49,696 - __main__ - DEBUG - Shape: torch.Size([64])
2025-03-12 19:47:49,697 - __main__ - DEBUG - Type: torch.float32
2025-03-12 19:47:49,697 - __main__ - DEBUG - Key: backbone.body.layer1.0.bn1.running_mean
2025-03-12 19:47:49,697 - __main__ - DEBUG - Shape: torch.Size([64])
2025-03-12 19:47:49,697 - __main__ - DEBUG - Type: torch.float32
2025-03-12 19:47:49,697 - __main__ - DEBUG - Key: backbone.body.layer1.0.bn1.running_var
2025-03-12 19:47:49,697 - __main__ - DEBUG - Shape: torch.Size([64])
2025-03-12 19:47:49,697 - __main__ - DEBUG - Type: torch.float32
2025-03-12 19:47:49,697 - __main__ - DEBUG - Key: backbone.body.layer1.0.conv2.weight
2025-03-12 19:47:49,697 - __main__ - DEBUG - Shape: torch.Size([64, 64, 3, 3])
2025-03-12 19:47:49,698 - __main__ - DEBUG - Type: torch.float32
2025-03-12 19:47:49,698 - __main__ - DEBUG - Key: backbone.body.layer1.0.bn2.weight
2025-03-12 19:47:49,698 - __main__ - DEBUG - Shape: torch.Size([64])
2025-03-12 19:47:49,698 - __main__ - DEBUG - Type: torch.float32
2025-03-12 19:47:49,698 - __main__ - DEBUG - Key: backbone.body.layer1.0.bn2.bias
2025-03-12 19:47:49,698 - __main__ - DEBUG - Shape: torch.Size([64])
2025-03-12 19:47:49,698 - __main__ - DEBUG - Type: torch.float32
2025-03-12 19:47:49,698 - __main__ - DEBUG - Key: backbone.body.layer1.0.bn2.running_mean
2025-03-12 19:47:49,698 - __main__ - DEBUG - Shape: torch.Size([64])
2025-03-12 19:47:49,698 - __main__ - DEBUG - Type: torch.float32
2025-03-12 19:47:49,698 - __main__ - DEBUG - Key: backbone.body.layer1.0.bn2.running_var
2025-03-12 19:47:49,698 - __main__ - DEBUG - Shape: torch.Size([64])
2025-03-12 19:47:49,698 - __main__ - DEBUG - Type: torch.float32
2025-03-12 19:47:49,698 - __main__ - DEBUG - Key: backbone.body.layer1.0.conv3.weight
2025-03-12 19:47:49,698 - __main__ - DEBUG - Shape: torch.Size([256, 64, 1, 1])
2025-03-12 19:47:49,698 - __main__ - DEBUG - Type: torch.float32
2025-03-12 19:47:49,698 - __main__ - DEBUG - Key: backbone.body.layer1.0.bn3.weight
2025-03-12 19:47:49,699 - __main__ - DEBUG - Shape: torch.Size([256])
2025-03-12 19:47:49,699 - __main__ - DEBUG - Type: torch.float32
2025-03-12 19:47:49,699 - __main__ - DEBUG - Key: backbone.body.layer1.0.bn3.bias
2025-03-12 19:47:49,699 - __main__ - DEBUG - Shape: torch.Size([256])
2025-03-12 19:47:49,699 - __main__ - DEBUG - Type: torch.float32
2025-03-12 19:47:49,699 - __main__ - DEBUG - Key: backbone.body.layer1.0.bn3.running_mean
2025-03-12 19:47:49,699 - __main__ - DEBUG - Shape: torch.Size([256])
2025-03-12 19:47:49,699 - __main__ - DEBUG - Type: torch.float32
2025-03-12 19:47:49,699 - __main__ - DEBUG - Key: backbone.body.layer1.0.bn3.running_var
2025-03-12 19:47:49,699 - __main__ - DEBUG - Shape: torch.Size([256])
2025-03-12 19:47:49,699 - __main__ - DEBUG - Type: torch.float32
2025-03-12 19:47:49,699 - __main__ - DEBUG - Key: backbone.body.layer1.0.downsample.0.weight
2025-03-12 19:47:49,699 - __main__ - DEBUG - Shape: torch.Size([256, 64, 1, 1])
2025-03-12 19:47:49,699 - __main__ - DEBUG - Type: torch.float32
2025-03-12 19:47:49,699 - __main__ - DEBUG - Key: backbone.body.layer1.0.downsample.1.weight
2025-03-12 19:47:49,699 - __main__ - DEBUG - Shape: torch.Size([256])
2025-03-12 19:47:49,699 - __main__ - DEBUG - Type: torch.float32
2025-03-12 19:47:49,699 - __main__ - DEBUG - Key: backbone.body.layer1.0.downsample.1.bias
2025-03-12 19:47:49,699 - __main__ - DEBUG - Shape: torch.Size([256])
2025-03-12 19:47:49,700 - __main__ - DEBUG - Type: torch.float32
2025-03-12 19:47:49,700 - __main__ - DEBUG - Key: backbone.body.layer1.0.downsample.1.running_mean
2025-03-12 19:47:49,700 - __main__ - DEBUG - Shape: torch.Size([256])
2025-03-12 19:47:49,700 - __main__ - DEBUG - Type: torch.float32
2025-03-12 19:47:49,700 - __main__ - DEBUG - Key: backbone.body.layer1.0.downsample.1.running_var
2025-03-12 19:47:49,700 - __main__ - DEBUG - Shape: torch.Size([256])
2025-03-12 19:47:49,700 - __main__ - DEBUG - Type: torch.float32
2025-03-12 19:47:49,700 - __main__ - DEBUG - Key: backbone.fpn.inner_blocks.0.0.weight
2025-03-12 19:47:49,700 - __main__ - DEBUG - Shape: torch.Size([256, 256, 1, 1])
2025-03-12 19:47:49,700 - __main__ - DEBUG - Type: torch.float32
2025-03-12 19:47:49,700 - __main__ - DEBUG - Key: backbone.fpn.inner_blocks.0.0.bias
2025-03-12 19:47:49,700 - __main__ - DEBUG - Shape: torch.Size([256])
2025-03-12 19:47:49,700 - __main__ - DEBUG - Type: torch.float32
2025-03-12 19:47:49,700 - __main__ - DEBUG - Key: backbone.fpn.layer_blocks.0.0.weight
2025-03-12 19:47:49,700 - __main__ - DEBUG - Shape: torch.Size([256, 256, 3, 3])
2025-03-12 19:47:49,701 - __main__ - DEBUG - Type: torch.float32
2025-03-12 19:47:49,701 - __main__ - DEBUG - Key: backbone.fpn.layer_blocks.0.0.bias
2025-03-12 19:47:49,702 - __main__ - DEBUG - Shape: torch.Size([256])
2025-03-12 19:47:49,702 - __main__ - DEBUG - Type: torch.float32
2025-03-12 19:47:49,702 - __main__ - DEBUG - Key: rpn.head.conv.0.0.weight
2025-03-12 19:47:49,703 - __main__ - DEBUG - Shape: torch.Size([256, 256, 3, 3])
2025-03-12 19:47:49,703 - __main__ - DEBUG - Type: torch.float32
2025-03-12 19:47:49,703 - __main__ - DEBUG - Key: rpn.head.conv.0.0.bias
2025-03-12 19:47:49,703 - __main__ - DEBUG - Shape: torch.Size([256])
2025-03-12 19:47:49,703 - __main__ - DEBUG - Type: torch.float32
2025-03-12 19:47:49,703 - __main__ - DEBUG - Key: rpn.head.cls_logits.weight
2025-03-12 19:47:49,704 - __main__ - DEBUG - Shape: torch.Size([3, 256, 1, 1])
2025-03-12 19:47:49,704 - __main__ - DEBUG - Type: torch.float32
2025-03-12 19:47:49,704 - __main__ - DEBUG - Key: rpn.head.cls_logits.bias
2025-03-12 19:47:49,704 - __main__ - DEBUG - Shape: torch.Size([3])
2025-03-12 19:47:49,704 - __main__ - DEBUG - Type: torch.float32
2025-03-12 19:47:49,704 - __main__ - DEBUG - Key: rpn.head.bbox_pred.weight
2025-03-12 19:47:49,705 - __main__ - DEBUG - Shape: torch.Size([12, 256, 1, 1])
2025-03-12 19:47:49,705 - __main__ - DEBUG - Type: torch.float32
2025-03-12 19:47:49,705 - __main__ - DEBUG - Key: rpn.head.bbox_pred.bias
2025-03-12 19:47:49,705 - __main__ - DEBUG - Shape: torch.Size([12])
2025-03-12 19:47:49,705 - __main__ - DEBUG - Type: torch.float32
2025-03-12 19:47:49,705 - __main__ - DEBUG - Key: roi_heads.box_head.fc6.weight
2025-03-12 19:47:49,705 - __main__ - DEBUG - Shape: torch.Size([1024, 12544])
2025-03-12 19:47:49,705 - __main__ - DEBUG - Type: torch.float32
2025-03-12 19:47:49,705 - __main__ - DEBUG - Key: roi_heads.box_head.fc6.bias
2025-03-12 19:47:49,706 - __main__ - DEBUG - Shape: torch.Size([1024])
2025-03-12 19:47:49,706 - __main__ - DEBUG - Type: torch.float32
2025-03-12 19:47:49,706 - __main__ - DEBUG - Key: roi_heads.box_head.fc7.weight
2025-03-12 19:47:49,706 - __main__ - DEBUG - Shape: torch.Size([1024, 1024])
2025-03-12 19:47:49,706 - __main__ - DEBUG - Type: torch.float32
2025-03-12 19:47:49,706 - __main__ - DEBUG - Key: roi_heads.box_head.fc7.bias
2025-03-12 19:47:49,706 - __main__ - DEBUG - Shape: torch.Size([1024])
2025-03-12 19:47:49,706 - __main__ - DEBUG - Type: torch.float32
2025-03-12 19:47:49,706 - __main__ - DEBUG - Key: roi_heads.box_predictor.cls_score.weight
2025-03-12 19:47:49,707 - __main__ - DEBUG - Shape: torch.Size([2, 1024])
2025-03-12 19:47:49,707 - __main__ - DEBUG - Type: torch.float32
2025-03-12 19:47:49,707 - __main__ - DEBUG - Key: roi_heads.box_predictor.cls_score.bias
2025-03-12 19:47:49,707 - __main__ - DEBUG - Shape: torch.Size([2])
2025-03-12 19:47:49,707 - __main__ - DEBUG - Type: torch.float32
2025-03-12 19:47:49,707 - __main__ - DEBUG - Key: roi_heads.box_predictor.bbox_pred.weight
2025-03-12 19:47:49,707 - __main__ - DEBUG - Shape: torch.Size([8, 1024])
2025-03-12 19:47:49,708 - __main__ - DEBUG - Type: torch.float32
2025-03-12 19:47:49,708 - __main__ - DEBUG - Key: roi_heads.box_predictor.bbox_pred.bias
2025-03-12 19:47:49,708 - __main__ - DEBUG - Shape: torch.Size([8])
2025-03-12 19:47:49,708 - __main__ - DEBUG - Type: torch.float32
2025-03-12 19:47:53,456 - __main__ - ERROR - Error during testing: Error(s) in loading state_dict for BackboneWithFPN:
	Missing key(s) in state_dict: "body.conv1.weight", "body.bn1.weight", "body.bn1.bias", "body.bn1.running_mean", "body.bn1.running_var", "body.layer1.0.conv1.weight", "body.layer1.0.bn1.weight", "body.layer1.0.bn1.bias", "body.layer1.0.bn1.running_mean", "body.layer1.0.bn1.running_var", "body.layer1.0.conv2.weight", "body.layer1.0.bn2.weight", "body.layer1.0.bn2.bias", "body.layer1.0.bn2.running_mean", "body.layer1.0.bn2.running_var", "body.layer1.0.conv3.weight", "body.layer1.0.bn3.weight", "body.layer1.0.bn3.bias", "body.layer1.0.bn3.running_mean", "body.layer1.0.bn3.running_var", "body.layer1.0.downsample.0.weight", "body.layer1.0.downsample.1.weight", "body.layer1.0.downsample.1.bias", "body.layer1.0.downsample.1.running_mean", "body.layer1.0.downsample.1.running_var", "body.layer1.1.conv1.weight", "body.layer1.1.bn1.weight", "body.layer1.1.bn1.bias", "body.layer1.1.bn1.running_mean", "body.layer1.1.bn1.running_var", "body.layer1.1.conv2.weight", "body.layer1.1.bn2.weight", "body.layer1.1.bn2.bias", "body.layer1.1.bn2.running_mean", "body.layer1.1.bn2.running_var", "body.layer1.1.conv3.weight", "body.layer1.1.bn3.weight", "body.layer1.1.bn3.bias", "body.layer1.1.bn3.running_mean", "body.layer1.1.bn3.running_var", "body.layer1.2.conv1.weight", "body.layer1.2.bn1.weight", "body.layer1.2.bn1.bias", "body.layer1.2.bn1.running_mean", "body.layer1.2.bn1.running_var", "body.layer1.2.conv2.weight", "body.layer1.2.bn2.weight", "body.layer1.2.bn2.bias", "body.layer1.2.bn2.running_mean", "body.layer1.2.bn2.running_var", "body.layer1.2.conv3.weight", "body.layer1.2.bn3.weight", "body.layer1.2.bn3.bias", "body.layer1.2.bn3.running_mean", "body.layer1.2.bn3.running_var", "body.layer2.0.conv1.weight", "body.layer2.0.bn1.weight", "body.layer2.0.bn1.bias", "body.layer2.0.bn1.running_mean", "body.layer2.0.bn1.running_var", "body.layer2.0.conv2.weight", "body.layer2.0.bn2.weight", "body.layer2.0.bn2.bias", "body.layer2.0.bn2.running_mean", "body.layer2.0.bn2.running_var", "body.layer2.0.conv3.weight", "body.layer2.0.bn3.weight", "body.layer2.0.bn3.bias", "body.layer2.0.bn3.running_mean", "body.layer2.0.bn3.running_var", "body.layer2.0.downsample.0.weight", "body.layer2.0.downsample.1.weight", "body.layer2.0.downsample.1.bias", "body.layer2.0.downsample.1.running_mean", "body.layer2.0.downsample.1.running_var", "body.layer2.1.conv1.weight", "body.layer2.1.bn1.weight", "body.layer2.1.bn1.bias", "body.layer2.1.bn1.running_mean", "body.layer2.1.bn1.running_var", "body.layer2.1.conv2.weight", "body.layer2.1.bn2.weight", "body.layer2.1.bn2.bias", "body.layer2.1.bn2.running_mean", "body.layer2.1.bn2.running_var", "body.layer2.1.conv3.weight", "body.layer2.1.bn3.weight", "body.layer2.1.bn3.bias", "body.layer2.1.bn3.running_mean", "body.layer2.1.bn3.running_var", "body.layer2.2.conv1.weight", "body.layer2.2.bn1.weight", "body.layer2.2.bn1.bias", "body.layer2.2.bn1.running_mean", "body.layer2.2.bn1.running_var", "body.layer2.2.conv2.weight", "body.layer2.2.bn2.weight", "body.layer2.2.bn2.bias", "body.layer2.2.bn2.running_mean", "body.layer2.2.bn2.running_var", "body.layer2.2.conv3.weight", "body.layer2.2.bn3.weight", "body.layer2.2.bn3.bias", "body.layer2.2.bn3.running_mean", "body.layer2.2.bn3.running_var", "body.layer2.3.conv1.weight", "body.layer2.3.bn1.weight", "body.layer2.3.bn1.bias", "body.layer2.3.bn1.running_mean", "body.layer2.3.bn1.running_var", "body.layer2.3.conv2.weight", "body.layer2.3.bn2.weight", "body.layer2.3.bn2.bias", "body.layer2.3.bn2.running_mean", "body.layer2.3.bn2.running_var", "body.layer2.3.conv3.weight", "body.layer2.3.bn3.weight", "body.layer2.3.bn3.bias", "body.layer2.3.bn3.running_mean", "body.layer2.3.bn3.running_var", "body.layer3.0.conv1.weight", "body.layer3.0.bn1.weight", "body.layer3.0.bn1.bias", "body.layer3.0.bn1.running_mean", "body.layer3.0.bn1.running_var", "body.layer3.0.conv2.weight", "body.layer3.0.bn2.weight", "body.layer3.0.bn2.bias", "body.layer3.0.bn2.running_mean", "body.layer3.0.bn2.running_var", "body.layer3.0.conv3.weight", "body.layer3.0.bn3.weight", "body.layer3.0.bn3.bias", "body.layer3.0.bn3.running_mean", "body.layer3.0.bn3.running_var", "body.layer3.0.downsample.0.weight", "body.layer3.0.downsample.1.weight", "body.layer3.0.downsample.1.bias", "body.layer3.0.downsample.1.running_mean", "body.layer3.0.downsample.1.running_var", "body.layer3.1.conv1.weight", "body.layer3.1.bn1.weight", "body.layer3.1.bn1.bias", "body.layer3.1.bn1.running_mean", "body.layer3.1.bn1.running_var", "body.layer3.1.conv2.weight", "body.layer3.1.bn2.weight", "body.layer3.1.bn2.bias", "body.layer3.1.bn2.running_mean", "body.layer3.1.bn2.running_var", "body.layer3.1.conv3.weight", "body.layer3.1.bn3.weight", "body.layer3.1.bn3.bias", "body.layer3.1.bn3.running_mean", "body.layer3.1.bn3.running_var", "body.layer3.2.conv1.weight", "body.layer3.2.bn1.weight", "body.layer3.2.bn1.bias", "body.layer3.2.bn1.running_mean", "body.layer3.2.bn1.running_var", "body.layer3.2.conv2.weight", "body.layer3.2.bn2.weight", "body.layer3.2.bn2.bias", "body.layer3.2.bn2.running_mean", "body.layer3.2.bn2.running_var", "body.layer3.2.conv3.weight", "body.layer3.2.bn3.weight", "body.layer3.2.bn3.bias", "body.layer3.2.bn3.running_mean", "body.layer3.2.bn3.running_var", "body.layer3.3.conv1.weight", "body.layer3.3.bn1.weight", "body.layer3.3.bn1.bias", "body.layer3.3.bn1.running_mean", "body.layer3.3.bn1.running_var", "body.layer3.3.conv2.weight", "body.layer3.3.bn2.weight", "body.layer3.3.bn2.bias", "body.layer3.3.bn2.running_mean", "body.layer3.3.bn2.running_var", "body.layer3.3.conv3.weight", "body.layer3.3.bn3.weight", "body.layer3.3.bn3.bias", "body.layer3.3.bn3.running_mean", "body.layer3.3.bn3.running_var", "body.layer3.4.conv1.weight", "body.layer3.4.bn1.weight", "body.layer3.4.bn1.bias", "body.layer3.4.bn1.running_mean", "body.layer3.4.bn1.running_var", "body.layer3.4.conv2.weight", "body.layer3.4.bn2.weight", "body.layer3.4.bn2.bias", "body.layer3.4.bn2.running_mean", "body.layer3.4.bn2.running_var", "body.layer3.4.conv3.weight", "body.layer3.4.bn3.weight", "body.layer3.4.bn3.bias", "body.layer3.4.bn3.running_mean", "body.layer3.4.bn3.running_var", "body.layer3.5.conv1.weight", "body.layer3.5.bn1.weight", "body.layer3.5.bn1.bias", "body.layer3.5.bn1.running_mean", "body.layer3.5.bn1.running_var", "body.layer3.5.conv2.weight", "body.layer3.5.bn2.weight", "body.layer3.5.bn2.bias", "body.layer3.5.bn2.running_mean", "body.layer3.5.bn2.running_var", "body.layer3.5.conv3.weight", "body.layer3.5.bn3.weight", "body.layer3.5.bn3.bias", "body.layer3.5.bn3.running_mean", "body.layer3.5.bn3.running_var", "body.layer4.0.conv1.weight", "body.layer4.0.bn1.weight", "body.layer4.0.bn1.bias", "body.layer4.0.bn1.running_mean", "body.layer4.0.bn1.running_var", "body.layer4.0.conv2.weight", "body.layer4.0.bn2.weight", "body.layer4.0.bn2.bias", "body.layer4.0.bn2.running_mean", "body.layer4.0.bn2.running_var", "body.layer4.0.conv3.weight", "body.layer4.0.bn3.weight", "body.layer4.0.bn3.bias", "body.layer4.0.bn3.running_mean", "body.layer4.0.bn3.running_var", "body.layer4.0.downsample.0.weight", "body.layer4.0.downsample.1.weight", "body.layer4.0.downsample.1.bias", "body.layer4.0.downsample.1.running_mean", "body.layer4.0.downsample.1.running_var", "body.layer4.1.conv1.weight", "body.layer4.1.bn1.weight", "body.layer4.1.bn1.bias", "body.layer4.1.bn1.running_mean", "body.layer4.1.bn1.running_var", "body.layer4.1.conv2.weight", "body.layer4.1.bn2.weight", "body.layer4.1.bn2.bias", "body.layer4.1.bn2.running_mean", "body.layer4.1.bn2.running_var", "body.layer4.1.conv3.weight", "body.layer4.1.bn3.weight", "body.layer4.1.bn3.bias", "body.layer4.1.bn3.running_mean", "body.layer4.1.bn3.running_var", "body.layer4.2.conv1.weight", "body.layer4.2.bn1.weight", "body.layer4.2.bn1.bias", "body.layer4.2.bn1.running_mean", "body.layer4.2.bn1.running_var", "body.layer4.2.conv2.weight", "body.layer4.2.bn2.weight", "body.layer4.2.bn2.bias", "body.layer4.2.bn2.running_mean", "body.layer4.2.bn2.running_var", "body.layer4.2.conv3.weight", "body.layer4.2.bn3.weight", "body.layer4.2.bn3.bias", "body.layer4.2.bn3.running_mean", "body.layer4.2.bn3.running_var", "fpn.inner_blocks.0.0.weight", "fpn.inner_blocks.0.0.bias", "fpn.inner_blocks.1.0.weight", "fpn.inner_blocks.1.0.bias", "fpn.inner_blocks.2.0.weight", "fpn.inner_blocks.2.0.bias", "fpn.inner_blocks.3.0.weight", "fpn.inner_blocks.3.0.bias", "fpn.layer_blocks.0.0.weight", "fpn.layer_blocks.0.0.bias", "fpn.layer_blocks.1.0.weight", "fpn.layer_blocks.1.0.bias", "fpn.layer_blocks.2.0.weight", "fpn.layer_blocks.2.0.bias", "fpn.layer_blocks.3.0.weight", "fpn.layer_blocks.3.0.bias". 
2025-03-12 19:47:53,457 - __main__ - ERROR - Stack trace:
Traceback (most recent call last):
  File "C:\Users\ETPau\Documents\GitHub\CNN-MicroAI-Colony\app\analysis_core.py", line 83, in load_model
    self._model.model.load_state_dict(clean_state_dict)
  File "C:\Users\ETPau\Documents\GitHub\CNN-MicroAI-Colony\.venv\Lib\site-packages\torch\nn\modules\module.py", line 2581, in load_state_dict
    raise RuntimeError(
RuntimeError: Error(s) in loading state_dict for FasterRCNN:
	Missing key(s) in state_dict: "backbone.body.conv1.weight", "backbone.body.bn1.weight", "backbone.body.bn1.bias", "backbone.body.bn1.running_mean", "backbone.body.bn1.running_var", "backbone.body.layer1.0.conv1.weight", "backbone.body.layer1.0.bn1.weight", "backbone.body.layer1.0.bn1.bias", "backbone.body.layer1.0.bn1.running_mean", "backbone.body.layer1.0.bn1.running_var", "backbone.body.layer1.0.conv2.weight", "backbone.body.layer1.0.bn2.weight", "backbone.body.layer1.0.bn2.bias", "backbone.body.layer1.0.bn2.running_mean", "backbone.body.layer1.0.bn2.running_var", "backbone.body.layer1.0.conv3.weight", "backbone.body.layer1.0.bn3.weight", "backbone.body.layer1.0.bn3.bias", "backbone.body.layer1.0.bn3.running_mean", "backbone.body.layer1.0.bn3.running_var", "backbone.body.layer1.0.downsample.0.weight", "backbone.body.layer1.0.downsample.1.weight", "backbone.body.layer1.0.downsample.1.bias", "backbone.body.layer1.0.downsample.1.running_mean", "backbone.body.layer1.0.downsample.1.running_var", "backbone.body.layer1.1.conv1.weight", "backbone.body.layer1.1.bn1.weight", "backbone.body.layer1.1.bn1.bias", "backbone.body.layer1.1.bn1.running_mean", "backbone.body.layer1.1.bn1.running_var", "backbone.body.layer1.1.conv2.weight", "backbone.body.layer1.1.bn2.weight", "backbone.body.layer1.1.bn2.bias", "backbone.body.layer1.1.bn2.running_mean", "backbone.body.layer1.1.bn2.running_var", "backbone.body.layer1.1.conv3.weight", "backbone.body.layer1.1.bn3.weight", "backbone.body.layer1.1.bn3.bias", "backbone.body.layer1.1.bn3.running_mean", "backbone.body.layer1.1.bn3.running_var", "backbone.body.layer1.2.conv1.weight", "backbone.body.layer1.2.bn1.weight", "backbone.body.layer1.2.bn1.bias", "backbone.body.layer1.2.bn1.running_mean", "backbone.body.layer1.2.bn1.running_var", "backbone.body.layer1.2.conv2.weight", "backbone.body.layer1.2.bn2.weight", "backbone.body.layer1.2.bn2.bias", "backbone.body.layer1.2.bn2.running_mean", "backbone.body.layer1.2.bn2.running_var", "backbone.body.layer1.2.conv3.weight", "backbone.body.layer1.2.bn3.weight", "backbone.body.layer1.2.bn3.bias", "backbone.body.layer1.2.bn3.running_mean", "backbone.body.layer1.2.bn3.running_var", "backbone.body.layer2.0.conv1.weight", "backbone.body.layer2.0.bn1.weight", "backbone.body.layer2.0.bn1.bias", "backbone.body.layer2.0.bn1.running_mean", "backbone.body.layer2.0.bn1.running_var", "backbone.body.layer2.0.conv2.weight", "backbone.body.layer2.0.bn2.weight", "backbone.body.layer2.0.bn2.bias", "backbone.body.layer2.0.bn2.running_mean", "backbone.body.layer2.0.bn2.running_var", "backbone.body.layer2.0.conv3.weight", "backbone.body.layer2.0.bn3.weight", "backbone.body.layer2.0.bn3.bias", "backbone.body.layer2.0.bn3.running_mean", "backbone.body.layer2.0.bn3.running_var", "backbone.body.layer2.0.downsample.0.weight", "backbone.body.layer2.0.downsample.1.weight", "backbone.body.layer2.0.downsample.1.bias", "backbone.body.layer2.0.downsample.1.running_mean", "backbone.body.layer2.0.downsample.1.running_var", "backbone.body.layer2.1.conv1.weight", "backbone.body.layer2.1.bn1.weight", "backbone.body.layer2.1.bn1.bias", "backbone.body.layer2.1.bn1.running_mean", "backbone.body.layer2.1.bn1.running_var", "backbone.body.layer2.1.conv2.weight", "backbone.body.layer2.1.bn2.weight", "backbone.body.layer2.1.bn2.bias", "backbone.body.layer2.1.bn2.running_mean", "backbone.body.layer2.1.bn2.running_var", "backbone.body.layer2.1.conv3.weight", "backbone.body.layer2.1.bn3.weight", "backbone.body.layer2.1.bn3.bias", "backbone.body.layer2.1.bn3.running_mean", "backbone.body.layer2.1.bn3.running_var", "backbone.body.layer2.2.conv1.weight", "backbone.body.layer2.2.bn1.weight", "backbone.body.layer2.2.bn1.bias", "backbone.body.layer2.2.bn1.running_mean", "backbone.body.layer2.2.bn1.running_var", "backbone.body.layer2.2.conv2.weight", "backbone.body.layer2.2.bn2.weight", "backbone.body.layer2.2.bn2.bias", "backbone.body.layer2.2.bn2.running_mean", "backbone.body.layer2.2.bn2.running_var", "backbone.body.layer2.2.conv3.weight", "backbone.body.layer2.2.bn3.weight", "backbone.body.layer2.2.bn3.bias", "backbone.body.layer2.2.bn3.running_mean", "backbone.body.layer2.2.bn3.running_var", "backbone.body.layer2.3.conv1.weight", "backbone.body.layer2.3.bn1.weight", "backbone.body.layer2.3.bn1.bias", "backbone.body.layer2.3.bn1.running_mean", "backbone.body.layer2.3.bn1.running_var", "backbone.body.layer2.3.conv2.weight", "backbone.body.layer2.3.bn2.weight", "backbone.body.layer2.3.bn2.bias", "backbone.body.layer2.3.bn2.running_mean", "backbone.body.layer2.3.bn2.running_var", "backbone.body.layer2.3.conv3.weight", "backbone.body.layer2.3.bn3.weight", "backbone.body.layer2.3.bn3.bias", "backbone.body.layer2.3.bn3.running_mean", "backbone.body.layer2.3.bn3.running_var", "backbone.body.layer3.0.conv1.weight", "backbone.body.layer3.0.bn1.weight", "backbone.body.layer3.0.bn1.bias", "backbone.body.layer3.0.bn1.running_mean", "backbone.body.layer3.0.bn1.running_var", "backbone.body.layer3.0.conv2.weight", "backbone.body.layer3.0.bn2.weight", "backbone.body.layer3.0.bn2.bias", "backbone.body.layer3.0.bn2.running_mean", "backbone.body.layer3.0.bn2.running_var", "backbone.body.layer3.0.conv3.weight", "backbone.body.layer3.0.bn3.weight", "backbone.body.layer3.0.bn3.bias", "backbone.body.layer3.0.bn3.running_mean", "backbone.body.layer3.0.bn3.running_var", "backbone.body.layer3.0.downsample.0.weight", "backbone.body.layer3.0.downsample.1.weight", "backbone.body.layer3.0.downsample.1.bias", "backbone.body.layer3.0.downsample.1.running_mean", "backbone.body.layer3.0.downsample.1.running_var", "backbone.body.layer3.1.conv1.weight", "backbone.body.layer3.1.bn1.weight", "backbone.body.layer3.1.bn1.bias", "backbone.body.layer3.1.bn1.running_mean", "backbone.body.layer3.1.bn1.running_var", "backbone.body.layer3.1.conv2.weight", "backbone.body.layer3.1.bn2.weight", "backbone.body.layer3.1.bn2.bias", "backbone.body.layer3.1.bn2.running_mean", "backbone.body.layer3.1.bn2.running_var", "backbone.body.layer3.1.conv3.weight", "backbone.body.layer3.1.bn3.weight", "backbone.body.layer3.1.bn3.bias", "backbone.body.layer3.1.bn3.running_mean", "backbone.body.layer3.1.bn3.running_var", "backbone.body.layer3.2.conv1.weight", "backbone.body.layer3.2.bn1.weight", "backbone.body.layer3.2.bn1.bias", "backbone.body.layer3.2.bn1.running_mean", "backbone.body.layer3.2.bn1.running_var", "backbone.body.layer3.2.conv2.weight", "backbone.body.layer3.2.bn2.weight", "backbone.body.layer3.2.bn2.bias", "backbone.body.layer3.2.bn2.running_mean", "backbone.body.layer3.2.bn2.running_var", "backbone.body.layer3.2.conv3.weight", "backbone.body.layer3.2.bn3.weight", "backbone.body.layer3.2.bn3.bias", "backbone.body.layer3.2.bn3.running_mean", "backbone.body.layer3.2.bn3.running_var", "backbone.body.layer3.3.conv1.weight", "backbone.body.layer3.3.bn1.weight", "backbone.body.layer3.3.bn1.bias", "backbone.body.layer3.3.bn1.running_mean", "backbone.body.layer3.3.bn1.running_var", "backbone.body.layer3.3.conv2.weight", "backbone.body.layer3.3.bn2.weight", "backbone.body.layer3.3.bn2.bias", "backbone.body.layer3.3.bn2.running_mean", "backbone.body.layer3.3.bn2.running_var", "backbone.body.layer3.3.conv3.weight", "backbone.body.layer3.3.bn3.weight", "backbone.body.layer3.3.bn3.bias", "backbone.body.layer3.3.bn3.running_mean", "backbone.body.layer3.3.bn3.running_var", "backbone.body.layer3.4.conv1.weight", "backbone.body.layer3.4.bn1.weight", "backbone.body.layer3.4.bn1.bias", "backbone.body.layer3.4.bn1.running_mean", "backbone.body.layer3.4.bn1.running_var", "backbone.body.layer3.4.conv2.weight", "backbone.body.layer3.4.bn2.weight", "backbone.body.layer3.4.bn2.bias", "backbone.body.layer3.4.bn2.running_mean", "backbone.body.layer3.4.bn2.running_var", "backbone.body.layer3.4.conv3.weight", "backbone.body.layer3.4.bn3.weight", "backbone.body.layer3.4.bn3.bias", "backbone.body.layer3.4.bn3.running_mean", "backbone.body.layer3.4.bn3.running_var", "backbone.body.layer3.5.conv1.weight", "backbone.body.layer3.5.bn1.weight", "backbone.body.layer3.5.bn1.bias", "backbone.body.layer3.5.bn1.running_mean", "backbone.body.layer3.5.bn1.running_var", "backbone.body.layer3.5.conv2.weight", "backbone.body.layer3.5.bn2.weight", "backbone.body.layer3.5.bn2.bias", "backbone.body.layer3.5.bn2.running_mean", "backbone.body.layer3.5.bn2.running_var", "backbone.body.layer3.5.conv3.weight", "backbone.body.layer3.5.bn3.weight", "backbone.body.layer3.5.bn3.bias", "backbone.body.layer3.5.bn3.running_mean", "backbone.body.layer3.5.bn3.running_var", "backbone.body.layer4.0.conv1.weight", "backbone.body.layer4.0.bn1.weight", "backbone.body.layer4.0.bn1.bias", "backbone.body.layer4.0.bn1.running_mean", "backbone.body.layer4.0.bn1.running_var", "backbone.body.layer4.0.conv2.weight", "backbone.body.layer4.0.bn2.weight", "backbone.body.layer4.0.bn2.bias", "backbone.body.layer4.0.bn2.running_mean", "backbone.body.layer4.0.bn2.running_var", "backbone.body.layer4.0.conv3.weight", "backbone.body.layer4.0.bn3.weight", "backbone.body.layer4.0.bn3.bias", "backbone.body.layer4.0.bn3.running_mean", "backbone.body.layer4.0.bn3.running_var", "backbone.body.layer4.0.downsample.0.weight", "backbone.body.layer4.0.downsample.1.weight", "backbone.body.layer4.0.downsample.1.bias", "backbone.body.layer4.0.downsample.1.running_mean", "backbone.body.layer4.0.downsample.1.running_var", "backbone.body.layer4.1.conv1.weight", "backbone.body.layer4.1.bn1.weight", "backbone.body.layer4.1.bn1.bias", "backbone.body.layer4.1.bn1.running_mean", "backbone.body.layer4.1.bn1.running_var", "backbone.body.layer4.1.conv2.weight", "backbone.body.layer4.1.bn2.weight", "backbone.body.layer4.1.bn2.bias", "backbone.body.layer4.1.bn2.running_mean", "backbone.body.layer4.1.bn2.running_var", "backbone.body.layer4.1.conv3.weight", "backbone.body.layer4.1.bn3.weight", "backbone.body.layer4.1.bn3.bias", "backbone.body.layer4.1.bn3.running_mean", "backbone.body.layer4.1.bn3.running_var", "backbone.body.layer4.2.conv1.weight", "backbone.body.layer4.2.bn1.weight", "backbone.body.layer4.2.bn1.bias", "backbone.body.layer4.2.bn1.running_mean", "backbone.body.layer4.2.bn1.running_var", "backbone.body.layer4.2.conv2.weight", "backbone.body.layer4.2.bn2.weight", "backbone.body.layer4.2.bn2.bias", "backbone.body.layer4.2.bn2.running_mean", "backbone.body.layer4.2.bn2.running_var", "backbone.body.layer4.2.conv3.weight", "backbone.body.layer4.2.bn3.weight", "backbone.body.layer4.2.bn3.bias", "backbone.body.layer4.2.bn3.running_mean", "backbone.body.layer4.2.bn3.running_var", "backbone.fpn.inner_blocks.0.0.weight", "backbone.fpn.inner_blocks.0.0.bias", "backbone.fpn.inner_blocks.1.0.weight", "backbone.fpn.inner_blocks.1.0.bias", "backbone.fpn.inner_blocks.2.0.weight", "backbone.fpn.inner_blocks.2.0.bias", "backbone.fpn.inner_blocks.3.0.weight", "backbone.fpn.inner_blocks.3.0.bias", "backbone.fpn.layer_blocks.0.0.weight", "backbone.fpn.layer_blocks.0.0.bias", "backbone.fpn.layer_blocks.1.0.weight", "backbone.fpn.layer_blocks.1.0.bias", "backbone.fpn.layer_blocks.2.0.weight", "backbone.fpn.layer_blocks.2.0.bias", "backbone.fpn.layer_blocks.3.0.weight", "backbone.fpn.layer_blocks.3.0.bias", "rpn.head.conv.0.0.weight", "rpn.head.conv.0.0.bias", "rpn.head.cls_logits.weight", "rpn.head.cls_logits.bias", "rpn.head.bbox_pred.weight", "rpn.head.bbox_pred.bias", "roi_heads.box_head.fc6.weight", "roi_heads.box_head.fc6.bias", "roi_heads.box_head.fc7.weight", "roi_heads.box_head.fc7.bias", "roi_heads.box_predictor.cls_score.weight", "roi_heads.box_predictor.cls_score.bias", "roi_heads.box_predictor.bbox_pred.weight", "roi_heads.box_predictor.bbox_pred.bias". 

During handling of the above exception, another exception occurred:

Traceback (most recent call last):
  File "C:\Users\ETPau\Documents\GitHub\CNN-MicroAI-Colony\faster_rcnn_resnet50\test_model.py", line 164, in main
    detector = ColonyDetector()
               ^^^^^^^^^^^^^^^^
  File "C:\Users\ETPau\Documents\GitHub\CNN-MicroAI-Colony\app\analysis_core.py", line 28, in __init__
    self.load_model()
  File "C:\Users\ETPau\Documents\GitHub\CNN-MicroAI-Colony\app\analysis_core.py", line 96, in load_model
    self._model.model.backbone.load_state_dict(backbone_state_dict)
  File "C:\Users\ETPau\Documents\GitHub\CNN-MicroAI-Colony\.venv\Lib\site-packages\torch\nn\modules\module.py", line 2581, in load_state_dict
    raise RuntimeError(
RuntimeError: Error(s) in loading state_dict for BackboneWithFPN:
	Missing key(s) in state_dict: "body.conv1.weight", "body.bn1.weight", "body.bn1.bias", "body.bn1.running_mean", "body.bn1.running_var", "body.layer1.0.conv1.weight", "body.layer1.0.bn1.weight", "body.layer1.0.bn1.bias", "body.layer1.0.bn1.running_mean", "body.layer1.0.bn1.running_var", "body.layer1.0.conv2.weight", "body.layer1.0.bn2.weight", "body.layer1.0.bn2.bias", "body.layer1.0.bn2.running_mean", "body.layer1.0.bn2.running_var", "body.layer1.0.conv3.weight", "body.layer1.0.bn3.weight", "body.layer1.0.bn3.bias", "body.layer1.0.bn3.running_mean", "body.layer1.0.bn3.running_var", "body.layer1.0.downsample.0.weight", "body.layer1.0.downsample.1.weight", "body.layer1.0.downsample.1.bias", "body.layer1.0.downsample.1.running_mean", "body.layer1.0.downsample.1.running_var", "body.layer1.1.conv1.weight", "body.layer1.1.bn1.weight", "body.layer1.1.bn1.bias", "body.layer1.1.bn1.running_mean", "body.layer1.1.bn1.running_var", "body.layer1.1.conv2.weight", "body.layer1.1.bn2.weight", "body.layer1.1.bn2.bias", "body.layer1.1.bn2.running_mean", "body.layer1.1.bn2.running_var", "body.layer1.1.conv3.weight", "body.layer1.1.bn3.weight", "body.layer1.1.bn3.bias", "body.layer1.1.bn3.running_mean", "body.layer1.1.bn3.running_var", "body.layer1.2.conv1.weight", "body.layer1.2.bn1.weight", "body.layer1.2.bn1.bias", "body.layer1.2.bn1.running_mean", "body.layer1.2.bn1.running_var", "body.layer1.2.conv2.weight", "body.layer1.2.bn2.weight", "body.layer1.2.bn2.bias", "body.layer1.2.bn2.running_mean", "body.layer1.2.bn2.running_var", "body.layer1.2.conv3.weight", "body.layer1.2.bn3.weight", "body.layer1.2.bn3.bias", "body.layer1.2.bn3.running_mean", "body.layer1.2.bn3.running_var", "body.layer2.0.conv1.weight", "body.layer2.0.bn1.weight", "body.layer2.0.bn1.bias", "body.layer2.0.bn1.running_mean", "body.layer2.0.bn1.running_var", "body.layer2.0.conv2.weight", "body.layer2.0.bn2.weight", "body.layer2.0.bn2.bias", "body.layer2.0.bn2.running_mean", "body.layer2.0.bn2.running_var", "body.layer2.0.conv3.weight", "body.layer2.0.bn3.weight", "body.layer2.0.bn3.bias", "body.layer2.0.bn3.running_mean", "body.layer2.0.bn3.running_var", "body.layer2.0.downsample.0.weight", "body.layer2.0.downsample.1.weight", "body.layer2.0.downsample.1.bias", "body.layer2.0.downsample.1.running_mean", "body.layer2.0.downsample.1.running_var", "body.layer2.1.conv1.weight", "body.layer2.1.bn1.weight", "body.layer2.1.bn1.bias", "body.layer2.1.bn1.running_mean", "body.layer2.1.bn1.running_var", "body.layer2.1.conv2.weight", "body.layer2.1.bn2.weight", "body.layer2.1.bn2.bias", "body.layer2.1.bn2.running_mean", "body.layer2.1.bn2.running_var", "body.layer2.1.conv3.weight", "body.layer2.1.bn3.weight", "body.layer2.1.bn3.bias", "body.layer2.1.bn3.running_mean", "body.layer2.1.bn3.running_var", "body.layer2.2.conv1.weight", "body.layer2.2.bn1.weight", "body.layer2.2.bn1.bias", "body.layer2.2.bn1.running_mean", "body.layer2.2.bn1.running_var", "body.layer2.2.conv2.weight", "body.layer2.2.bn2.weight", "body.layer2.2.bn2.bias", "body.layer2.2.bn2.running_mean", "body.layer2.2.bn2.running_var", "body.layer2.2.conv3.weight", "body.layer2.2.bn3.weight", "body.layer2.2.bn3.bias", "body.layer2.2.bn3.running_mean", "body.layer2.2.bn3.running_var", "body.layer2.3.conv1.weight", "body.layer2.3.bn1.weight", "body.layer2.3.bn1.bias", "body.layer2.3.bn1.running_mean", "body.layer2.3.bn1.running_var", "body.layer2.3.conv2.weight", "body.layer2.3.bn2.weight", "body.layer2.3.bn2.bias", "body.layer2.3.bn2.running_mean", "body.layer2.3.bn2.running_var", "body.layer2.3.conv3.weight", "body.layer2.3.bn3.weight", "body.layer2.3.bn3.bias", "body.layer2.3.bn3.running_mean", "body.layer2.3.bn3.running_var", "body.layer3.0.conv1.weight", "body.layer3.0.bn1.weight", "body.layer3.0.bn1.bias", "body.layer3.0.bn1.running_mean", "body.layer3.0.bn1.running_var", "body.layer3.0.conv2.weight", "body.layer3.0.bn2.weight", "body.layer3.0.bn2.bias", "body.layer3.0.bn2.running_mean", "body.layer3.0.bn2.running_var", "body.layer3.0.conv3.weight", "body.layer3.0.bn3.weight", "body.layer3.0.bn3.bias", "body.layer3.0.bn3.running_mean", "body.layer3.0.bn3.running_var", "body.layer3.0.downsample.0.weight", "body.layer3.0.downsample.1.weight", "body.layer3.0.downsample.1.bias", "body.layer3.0.downsample.1.running_mean", "body.layer3.0.downsample.1.running_var", "body.layer3.1.conv1.weight", "body.layer3.1.bn1.weight", "body.layer3.1.bn1.bias", "body.layer3.1.bn1.running_mean", "body.layer3.1.bn1.running_var", "body.layer3.1.conv2.weight", "body.layer3.1.bn2.weight", "body.layer3.1.bn2.bias", "body.layer3.1.bn2.running_mean", "body.layer3.1.bn2.running_var", "body.layer3.1.conv3.weight", "body.layer3.1.bn3.weight", "body.layer3.1.bn3.bias", "body.layer3.1.bn3.running_mean", "body.layer3.1.bn3.running_var", "body.layer3.2.conv1.weight", "body.layer3.2.bn1.weight", "body.layer3.2.bn1.bias", "body.layer3.2.bn1.running_mean", "body.layer3.2.bn1.running_var", "body.layer3.2.conv2.weight", "body.layer3.2.bn2.weight", "body.layer3.2.bn2.bias", "body.layer3.2.bn2.running_mean", "body.layer3.2.bn2.running_var", "body.layer3.2.conv3.weight", "body.layer3.2.bn3.weight", "body.layer3.2.bn3.bias", "body.layer3.2.bn3.running_mean", "body.layer3.2.bn3.running_var", "body.layer3.3.conv1.weight", "body.layer3.3.bn1.weight", "body.layer3.3.bn1.bias", "body.layer3.3.bn1.running_mean", "body.layer3.3.bn1.running_var", "body.layer3.3.conv2.weight", "body.layer3.3.bn2.weight", "body.layer3.3.bn2.bias", "body.layer3.3.bn2.running_mean", "body.layer3.3.bn2.running_var", "body.layer3.3.conv3.weight", "body.layer3.3.bn3.weight", "body.layer3.3.bn3.bias", "body.layer3.3.bn3.running_mean", "body.layer3.3.bn3.running_var", "body.layer3.4.conv1.weight", "body.layer3.4.bn1.weight", "body.layer3.4.bn1.bias", "body.layer3.4.bn1.running_mean", "body.layer3.4.bn1.running_var", "body.layer3.4.conv2.weight", "body.layer3.4.bn2.weight", "body.layer3.4.bn2.bias", "body.layer3.4.bn2.running_mean", "body.layer3.4.bn2.running_var", "body.layer3.4.conv3.weight", "body.layer3.4.bn3.weight", "body.layer3.4.bn3.bias", "body.layer3.4.bn3.running_mean", "body.layer3.4.bn3.running_var", "body.layer3.5.conv1.weight", "body.layer3.5.bn1.weight", "body.layer3.5.bn1.bias", "body.layer3.5.bn1.running_mean", "body.layer3.5.bn1.running_var", "body.layer3.5.conv2.weight", "body.layer3.5.bn2.weight", "body.layer3.5.bn2.bias", "body.layer3.5.bn2.running_mean", "body.layer3.5.bn2.running_var", "body.layer3.5.conv3.weight", "body.layer3.5.bn3.weight", "body.layer3.5.bn3.bias", "body.layer3.5.bn3.running_mean", "body.layer3.5.bn3.running_var", "body.layer4.0.conv1.weight", "body.layer4.0.bn1.weight", "body.layer4.0.bn1.bias", "body.layer4.0.bn1.running_mean", "body.layer4.0.bn1.running_var", "body.layer4.0.conv2.weight", "body.layer4.0.bn2.weight", "body.layer4.0.bn2.bias", "body.layer4.0.bn2.running_mean", "body.layer4.0.bn2.running_var", "body.layer4.0.conv3.weight", "body.layer4.0.bn3.weight", "body.layer4.0.bn3.bias", "body.layer4.0.bn3.running_mean", "body.layer4.0.bn3.running_var", "body.layer4.0.downsample.0.weight", "body.layer4.0.downsample.1.weight", "body.layer4.0.downsample.1.bias", "body.layer4.0.downsample.1.running_mean", "body.layer4.0.downsample.1.running_var", "body.layer4.1.conv1.weight", "body.layer4.1.bn1.weight", "body.layer4.1.bn1.bias", "body.layer4.1.bn1.running_mean", "body.layer4.1.bn1.running_var", "body.layer4.1.conv2.weight", "body.layer4.1.bn2.weight", "body.layer4.1.bn2.bias", "body.layer4.1.bn2.running_mean", "body.layer4.1.bn2.running_var", "body.layer4.1.conv3.weight", "body.layer4.1.bn3.weight", "body.layer4.1.bn3.bias", "body.layer4.1.bn3.running_mean", "body.layer4.1.bn3.running_var", "body.layer4.2.conv1.weight", "body.layer4.2.bn1.weight", "body.layer4.2.bn1.bias", "body.layer4.2.bn1.running_mean", "body.layer4.2.bn1.running_var", "body.layer4.2.conv2.weight", "body.layer4.2.bn2.weight", "body.layer4.2.bn2.bias", "body.layer4.2.bn2.running_mean", "body.layer4.2.bn2.running_var", "body.layer4.2.conv3.weight", "body.layer4.2.bn3.weight", "body.layer4.2.bn3.bias", "body.layer4.2.bn3.running_mean", "body.layer4.2.bn3.running_var", "fpn.inner_blocks.0.0.weight", "fpn.inner_blocks.0.0.bias", "fpn.inner_blocks.1.0.weight", "fpn.inner_blocks.1.0.bias", "fpn.inner_blocks.2.0.weight", "fpn.inner_blocks.2.0.bias", "fpn.inner_blocks.3.0.weight", "fpn.inner_blocks.3.0.bias", "fpn.layer_blocks.0.0.weight", "fpn.layer_blocks.0.0.bias", "fpn.layer_blocks.1.0.weight", "fpn.layer_blocks.1.0.bias", "fpn.layer_blocks.2.0.weight", "fpn.layer_blocks.2.0.bias", "fpn.layer_blocks.3.0.weight", "fpn.layer_blocks.3.0.bias". 
